Processing EBYTE_ESP32-S3 (board: ESP32-S3-WROOM-1-N4; platform: 
platformio/espressif32@6.13.0; framework: arduino)
--------------------------------------------------------------------------------
Verbose mode can be enabled via `-v, --verbose` option
PROGNAME: firmware-EBYTE_ESP32-S3-2.7.22.16dcafa
ESP32_FS_IMAGE_NAME: littlefs-EBYTE_ESP32-S3-2.7.22.16dcafa
CONFIGURATION: https://docs.platformio.org/page/boards/espressif32/ESP32-S3-WROOM-1-N4.html
PLATFORM: Espressif 32 (6.13.0) > ESP32-S3-WROOM-1-N4 (4 MB Flash, No PSRAM)
HARDWARE: ESP32S3 240MHz, 512KB RAM, 4MB Flash
DEBUG: Current (esp-builtin) On-board (esp-builtin) External (cmsis-dap, esp-bridge, esp-prog, iot-bus-jtag, jlink, minimodule, olimex-arm-usb-ocd, olimex-arm-usb-ocd-h, olimex-arm-usb-tiny-h, olimex-jtag-tiny, tumpa)
PACKAGES: 
 - framework-arduinoespressif32 @ 3.20017.241212+sha.dcc1105b 
 - tool-esptoolpy @ 2.41100.0 (4.11.0) 
 - tool-mklittlefs @ 1.203.210628 (2.3) 
 - toolchain-riscv32-esp @ 8.4.0+2021r2-patch5 
 - toolchain-xtensa-esp32s3 @ 8.4.0+2021r2-patch5
LDF: Library Dependency Finder -> https://bit.ly/configure-pio-ldf
LDF Modes: Finder ~ chain, Compatibility ~ soft
[nanopb] No generation needed.
Found 99 compatible libraries
Scanning dependencies...
Dependency Graph
|-- ESP8266 and ESP32 OLED driver for SSD1306 displays @ 4.4.1
|-- OneButton @ 2.6.1
|-- arduino-fsm @ 2.2.0
|-- TinyGPSPlus @ 1.0.3
|-- ArduinoThread @ 0.0.0+20260415082354
|-- Nanopb @ 0.4.9+1
|-- ErriezCRC32 @ 1.0.1
|-- NonBlockingRTTTL @ 1.4.0
|-- TBPubSubClient @ 2.12.1
|-- NTPClient @ 3.2.1
|-- Syslog @ 2.0.0
|-- Adafruit BusIO @ 1.17.4
|-- Adafruit Unified Sensor @ 1.1.15
|-- Adafruit GFX Library @ 1.12.6
|-- Adafruit NeoPixel @ 1.15.4
|-- Adafruit SSD1306 @ 2.5.16
|-- Adafruit BMP280 Library @ 3.0.0
|-- Adafruit BMP085 Library @ 1.2.4
|-- Adafruit BME280 Library @ 2.3.0
|-- Adafruit DPS310 @ 1.1.6
|-- Adafruit SH110X @ 2.1.14
|-- Adafruit MCP9808 Library @ 2.0.2
|-- Adafruit INA260 Library @ 1.5.3
|-- Adafruit INA219 @ 1.2.3
|-- Adafruit MPU6050 @ 2.2.9
|-- Adafruit LIS3DH @ 1.3.0
|-- Adafruit AHTX0 @ 2.0.6
|-- Adafruit LSM6DS @ 4.7.4
|-- Adafruit TSL2591 Library @ 1.4.5
|-- EmotiBit MLX90632 @ 1.0.8
|-- Adafruit MLX90614 Library @ 2.1.6
|-- INA3221 @ 1.0.1
|-- QMC5883LCompass @ 1.2.3
|-- DFRobot_RTU @ 1.0.6
|-- DFRobot_RainfallSensor @ 1.0.0
|-- INA226 @ 0.6.6
|-- SparkFun MAX3010x Pulse and Proximity Sensor Library @ 1.1.2
|-- SparkFun 9DoF IMU Breakout - ICM 20948 - Arduino Library @ 1.3.2
|-- Adafruit LTR390 Library @ 1.1.2
|-- Adafruit PCT2075 @ 1.0.6
|-- DFRobot_BMM150 @ 1.0.0
|-- Adafruit TSL2561 @ 1.1.3
|-- BH1750_WE @ 1.1.10
|-- Adafruit BMP3XX Library @ 2.1.6
|-- Adafruit MAX1704X @ 1.0.3
|-- Adafruit SHTC3 Library @ 1.0.2
|-- Adafruit LPS2X @ 2.0.6
|-- Adafruit SHT31 Library @ 2.2.2
|-- Adafruit VEML7700 Library @ 2.1.6
|-- Adafruit SHT4x Library @ 1.0.5
|-- SparkFun Qwiic Scale NAU7802 Arduino Library @ 1.0.6
|-- ClosedCube OPT3001 @ 1.1.2
|-- DFRobot_LarkWeatherStation @ 1.0.0
|-- Sensirion Core @ 0.7.3
|-- Sensirion I2C SCD4x @ 1.1.0
|-- Sensirion I2C SFA3x @ 1.0.0
|-- Sensirion I2C SCD30 @ 1.0.0
|-- arduino-sht @ 1.2.6
|-- bsec2 @ 1.10.2610
|-- BME68x Sensor library @ 1.3.40408
|-- RadioLib @ 7.6.0
|-- esp32_https_server @ 1.0.0
|-- NimBLE-Arduino @ 1.4.3
|-- libpax @ 1.1.0
|-- XPowersLib @ 0.3.3
|-- Crypto @ 0.4.0
|-- ESP32 Codec2 @ 1.0.1
|-- SD @ 2.0.0
|-- SPI @ 2.0.0
|-- WiFi @ 2.0.0
|-- Wire @ 2.0.0
|-- Preferences @ 2.0.0
|-- WebServer @ 2.0.0
|-- ESPmDNS @ 2.0.0
|-- LittleFS @ 2.0.0
|-- WiFiClientSecure @ 2.0.0
|-- ESP32 Async UDP @ 2.0.0
Building in release mode
Using meshtastic platformio-custom.py, firmware version 2.7.22.16dcafa on EBYTE_ESP32-S3
Using flags:
-DAPP_VERSION=2.7.22.16dcafa
-DAPP_VERSION_SHORT=2.7.22
-DAPP_ENV=EBYTE_ESP32-S3
-DAPP_REPO=meshtastic/firmware
-DBUILD_EPOCH=1776211200
-DUSERPREFS_RINGTONE_RTTTL=\"24:d=32,o=5,b=565:f6,p,f6,4p,p,f6,p,f6,2p,p,b6,p,b6,p,b6,p,b6,p,b,p,b,p,b,p,b,p,b,p,b,p,b,p,b,1p.,2p.,p\"
-DUSERPREFS_TZ_STRING=\"tzplaceholder                                         \"
Compiling .pio/build/EBYTE_ESP32-S3/src/BluetoothCommon.cpp.o
Compiling .pio/build/EBYTE_ESP32-S3/src/DebugConfiguration.cpp.o
Compiling .pio/build/EBYTE_ESP32-S3/src/DisplayFormatters.cpp.o
Compiling .pio/build/EBYTE_ESP32-S3/src/FSCommon.cpp.o
Compiling .pio/build/EBYTE_ESP32-S3/src/Fusion/FusionAhrs.c.o
Compiling .pio/build/EBYTE_ESP32-S3/src/Fusion/FusionCompass.c.o
Compiling .pio/build/EBYTE_ESP32-S3/src/Fusion/FusionOffset.c.o
Compiling .pio/build/EBYTE_ESP32-S3/src/GpioLogic.cpp.o
Compiling .pio/build/EBYTE_ESP32-S3/src/MessageStore.cpp.o
Compiling .pio/build/EBYTE_ESP32-S3/src/Observer.cpp.o
Compiling .pio/build/EBYTE_ESP32-S3/src/Power.cpp.o
Compiling .pio/build/EBYTE_ESP32-S3/src/PowerFSM.cpp.o
Compiling .pio/build/EBYTE_ESP32-S3/src/PowerMon.cpp.o
Compiling .pio/build/EBYTE_ESP32-S3/src/RedirectablePrint.cpp.o
Compiling .pio/build/EBYTE_ESP32-S3/src/SPILock.cpp.o
Compiling .pio/build/EBYTE_ESP32-S3/src/SafeFile.cpp.o
Compiling .pio/build/EBYTE_ESP32-S3/src/SerialConsole.cpp.o
Compiling .pio/build/EBYTE_ESP32-S3/src/airtime.cpp.o
Compiling .pio/build/EBYTE_ESP32-S3/src/buzz/BuzzerFeedbackThread.cpp.o
Compiling .pio/build/EBYTE_ESP32-S3/src/buzz/buzz.cpp.o
Compiling .pio/build/EBYTE_ESP32-S3/src/concurrency/BinarySemaphoreFreeRTOS.cpp.o
Compiling .pio/build/EBYTE_ESP32-S3/src/concurrency/BinarySemaphorePosix.cpp.o
Compiling .pio/build/EBYTE_ESP32-S3/src/concurrency/InterruptableDelay.cpp.o
Compiling .pio/build/EBYTE_ESP32-S3/src/concurrency/Lock.cpp.o
Compiling .pio/build/EBYTE_ESP32-S3/src/concurrency/LockGuard.cpp.o
Compiling .pio/build/EBYTE_ESP32-S3/src/concurrency/NotifiedWorkerThread.cpp.o
Compiling .pio/build/EBYTE_ESP32-S3/src/concurrency/OSThread.cpp.o
Compiling .pio/build/EBYTE_ESP32-S3/src/detect/ScanI2C.cpp.o
Compiling .pio/build/EBYTE_ESP32-S3/src/detect/ScanI2CConsumer.cpp.o
Compiling .pio/build/EBYTE_ESP32-S3/src/detect/ScanI2CTwoWire.cpp.o
Compiling .pio/build/EBYTE_ESP32-S3/src/detect/reClockI2C.cpp.o
Compiling .pio/build/EBYTE_ESP32-S3/src/gps/GPS.cpp.o
Compiling .pio/build/EBYTE_ESP32-S3/src/gps/GPSUpdateScheduling.cpp.o
Compiling .pio/build/EBYTE_ESP32-S3/src/gps/GeoCoord.cpp.o
Compiling .pio/build/EBYTE_ESP32-S3/src/gps/NMEAWPL.cpp.o
Compiling .pio/build/EBYTE_ESP32-S3/src/gps/RTC.cpp.o
Compiling .pio/build/EBYTE_ESP32-S3/src/graphics/EInkDisplay2.cpp.o
Compiling .pio/build/EBYTE_ESP32-S3/src/graphics/EInkDynamicDisplay.cpp.o
Compiling .pio/build/EBYTE_ESP32-S3/src/graphics/EInkParallelDisplay.cpp.o
Compiling .pio/build/EBYTE_ESP32-S3/src/graphics/EmoteRenderer.cpp.o
Compiling .pio/build/EBYTE_ESP32-S3/src/graphics/Panel_sdl.cpp.o
Compiling .pio/build/EBYTE_ESP32-S3/src/graphics/Screen.cpp.o
Compiling .pio/build/EBYTE_ESP32-S3/src/graphics/ScreenGlobals.cpp.o
Compiling .pio/build/EBYTE_ESP32-S3/src/graphics/SharedUIDisplay.cpp.o
Compiling .pio/build/EBYTE_ESP32-S3/src/graphics/TFTDisplay.cpp.o
Compiling .pio/build/EBYTE_ESP32-S3/src/graphics/TimeFormatters.cpp.o
Compiling .pio/build/EBYTE_ESP32-S3/src/graphics/VirtualKeyboard.cpp.o
Compiling .pio/build/EBYTE_ESP32-S3/src/graphics/draw/ClockRenderer.cpp.o
src/detect/ScanI2CTwoWire.cpp: In member function 'virtual void ScanI2CTwoWire::scanPort(ScanI2C::I2CPort, uint8_t*, uint8_t)':
src/detect/ScanI2CTwoWire.cpp:386:21: warning: this statement may fall through [-Wimplicit-fallthrough=]
                     if (type == DPS310) {
                     ^~
src/detect/ScanI2CTwoWire.cpp:389:17: note: here
                 default:
                 ^~~~~~~
Compiling .pio/build/EBYTE_ESP32-S3/src/graphics/draw/CompassRenderer.cpp.o
Compiling .pio/build/EBYTE_ESP32-S3/src/graphics/draw/DebugRenderer.cpp.o
Compiling .pio/build/EBYTE_ESP32-S3/src/graphics/draw/MenuHandler.cpp.o
Compiling .pio/build/EBYTE_ESP32-S3/src/graphics/draw/MessageRenderer.cpp.o
Compiling .pio/build/EBYTE_ESP32-S3/src/graphics/draw/NodeListRenderer.cpp.o
Compiling .pio/build/EBYTE_ESP32-S3/src/graphics/draw/NotificationRenderer.cpp.o
Compiling .pio/build/EBYTE_ESP32-S3/src/graphics/draw/UIRenderer.cpp.o
Compiling .pio/build/EBYTE_ESP32-S3/src/graphics/emotes.cpp.o
Compiling .pio/build/EBYTE_ESP32-S3/src/graphics/fonts/EinkDisplayFonts.cpp.o
Compiling .pio/build/EBYTE_ESP32-S3/src/graphics/fonts/OLEDDisplayFontsCS.cpp.o
Compiling .pio/build/EBYTE_ESP32-S3/src/graphics/fonts/OLEDDisplayFontsGR.cpp.o
Compiling .pio/build/EBYTE_ESP32-S3/src/graphics/fonts/OLEDDisplayFontsPL.cpp.o
Compiling .pio/build/EBYTE_ESP32-S3/src/graphics/fonts/OLEDDisplayFontsRU.cpp.o
Compiling .pio/build/EBYTE_ESP32-S3/src/graphics/fonts/OLEDDisplayFontsUA.cpp.o
Compiling .pio/build/EBYTE_ESP32-S3/src/graphics/tftSetup.cpp.o
Compiling .pio/build/EBYTE_ESP32-S3/src/input/BBQ10Keyboard.cpp.o
Compiling .pio/build/EBYTE_ESP32-S3/src/input/ButtonThread.cpp.o
Compiling .pio/build/EBYTE_ESP32-S3/src/input/CardputerKeyboard.cpp.o
Compiling .pio/build/EBYTE_ESP32-S3/src/input/ExpressLRSFiveWay.cpp.o
Compiling .pio/build/EBYTE_ESP32-S3/src/input/HackadayCommunicatorKeyboard.cpp.o
Compiling .pio/build/EBYTE_ESP32-S3/src/input/InputBroker.cpp.o
Compiling .pio/build/EBYTE_ESP32-S3/src/input/LinuxInput.cpp.o
Compiling .pio/build/EBYTE_ESP32-S3/src/input/LinuxInputImpl.cpp.o
Compiling .pio/build/EBYTE_ESP32-S3/src/input/MPR121Keyboard.cpp.o
Compiling .pio/build/EBYTE_ESP32-S3/src/input/RotaryEncoderImpl.cpp.o
Compiling .pio/build/EBYTE_ESP32-S3/src/input/RotaryEncoderInterruptBase.cpp.o
Compiling .pio/build/EBYTE_ESP32-S3/src/input/RotaryEncoderInterruptImpl1.cpp.o
Compiling .pio/build/EBYTE_ESP32-S3/src/input/SeesawRotary.cpp.o
Compiling .pio/build/EBYTE_ESP32-S3/src/input/SerialKeyboard.cpp.o
Compiling .pio/build/EBYTE_ESP32-S3/src/input/SerialKeyboardImpl.cpp.o
Compiling .pio/build/EBYTE_ESP32-S3/src/input/TCA8418Keyboard.cpp.o
Compiling .pio/build/EBYTE_ESP32-S3/src/input/TCA8418KeyboardBase.cpp.o
Compiling .pio/build/EBYTE_ESP32-S3/src/input/TDeckProKeyboard.cpp.o
Compiling .pio/build/EBYTE_ESP32-S3/src/input/TLoraPagerKeyboard.cpp.o
Compiling .pio/build/EBYTE_ESP32-S3/src/input/TouchScreenBase.cpp.o
Compiling .pio/build/EBYTE_ESP32-S3/src/input/TouchScreenImpl1.cpp.o
Compiling .pio/build/EBYTE_ESP32-S3/src/input/TrackballInterruptBase.cpp.o
Compiling .pio/build/EBYTE_ESP32-S3/src/input/TrackballInterruptImpl1.cpp.o
Compiling .pio/build/EBYTE_ESP32-S3/src/input/UpDownInterruptBase.cpp.o
Compiling .pio/build/EBYTE_ESP32-S3/src/input/UpDownInterruptImpl1.cpp.o
Compiling .pio/build/EBYTE_ESP32-S3/src/input/cardKbI2cImpl.cpp.o
Compiling .pio/build/EBYTE_ESP32-S3/src/input/i2cButton.cpp.o
Compiling .pio/build/EBYTE_ESP32-S3/src/input/kbI2cBase.cpp.o
Compiling .pio/build/EBYTE_ESP32-S3/src/input/kbMatrixBase.cpp.o
Compiling .pio/build/EBYTE_ESP32-S3/src/input/kbMatrixImpl.cpp.o
Compiling .pio/build/EBYTE_ESP32-S3/src/main.cpp.o
Compiling .pio/build/EBYTE_ESP32-S3/src/memGet.cpp.o
Compiling .pio/build/EBYTE_ESP32-S3/src/mesh/Channels.cpp.o
Compiling .pio/build/EBYTE_ESP32-S3/src/mesh/CryptoEngine.cpp.o
Compiling .pio/build/EBYTE_ESP32-S3/src/mesh/Default.cpp.o
Compiling .pio/build/EBYTE_ESP32-S3/src/mesh/FloodingRouter.cpp.o
Compiling .pio/build/EBYTE_ESP32-S3/src/mesh/InterfacesTemplates.cpp.o
Compiling .pio/build/EBYTE_ESP32-S3/src/mesh/LLCC68Interface.cpp.o
Compiling .pio/build/EBYTE_ESP32-S3/src/mesh/LR1110Interface.cpp.o
Compiling .pio/build/EBYTE_ESP32-S3/src/mesh/LR1120Interface.cpp.o
Compiling .pio/build/EBYTE_ESP32-S3/src/mesh/LR1121Interface.cpp.o
Compiling .pio/build/EBYTE_ESP32-S3/src/mesh/LR11x0Interface.cpp.o
Compiling .pio/build/EBYTE_ESP32-S3/src/mesh/LoRaFEMInterface.cpp.o
Compiling .pio/build/EBYTE_ESP32-S3/src/mesh/MeshModule.cpp.o
Compiling .pio/build/EBYTE_ESP32-S3/src/mesh/MeshPacketQueue.cpp.o
Compiling .pio/build/EBYTE_ESP32-S3/src/mesh/MeshService.cpp.o
Compiling .pio/build/EBYTE_ESP32-S3/src/mesh/NextHopRouter.cpp.o
Compiling .pio/build/EBYTE_ESP32-S3/src/mesh/NodeDB.cpp.o
Compiling .pio/build/EBYTE_ESP32-S3/src/mesh/PacketCache.cpp.o
src/main.cpp: In function 'void setup()':
src/main.cpp:351:26: warning: unused variable 'screen_geometry' [-Wunused-variable]
     OLEDDISPLAY_GEOMETRY screen_geometry = GEOMETRY_128_64;
                          ^~~~~~~~~~~~~~~
Compiling .pio/build/EBYTE_ESP32-S3/src/mesh/PacketHistory.cpp.o
Compiling .pio/build/EBYTE_ESP32-S3/src/mesh/PhoneAPI.cpp.o
Compiling .pio/build/EBYTE_ESP32-S3/src/mesh/ProtobufModule.cpp.o
Compiling .pio/build/EBYTE_ESP32-S3/src/mesh/RF95Interface.cpp.o
Compiling .pio/build/EBYTE_ESP32-S3/src/mesh/RadioInterface.cpp.o
Compiling .pio/build/EBYTE_ESP32-S3/src/mesh/RadioLibInterface.cpp.o
Compiling .pio/build/EBYTE_ESP32-S3/src/mesh/RadioLibRF95.cpp.o
Compiling .pio/build/EBYTE_ESP32-S3/src/mesh/ReliableRouter.cpp.o
Compiling .pio/build/EBYTE_ESP32-S3/src/mesh/Router.cpp.o
Compiling .pio/build/EBYTE_ESP32-S3/src/mesh/STM32WLE5JCInterface.cpp.o
Compiling .pio/build/EBYTE_ESP32-S3/src/mesh/SX1262Interface.cpp.o
Compiling .pio/build/EBYTE_ESP32-S3/src/mesh/SX1268Interface.cpp.o
Compiling .pio/build/EBYTE_ESP32-S3/src/mesh/SX126xInterface.cpp.o
Compiling .pio/build/EBYTE_ESP32-S3/src/mesh/SX1280Interface.cpp.o
Compiling .pio/build/EBYTE_ESP32-S3/src/mesh/SX128xInterface.cpp.o
Compiling .pio/build/EBYTE_ESP32-S3/src/mesh/StreamAPI.cpp.o
Compiling .pio/build/EBYTE_ESP32-S3/src/mesh/Throttle.cpp.o
Compiling .pio/build/EBYTE_ESP32-S3/src/mesh/TransmitHistory.cpp.o
Compiling .pio/build/EBYTE_ESP32-S3/src/mesh/TypeConversions.cpp.o
Compiling .pio/build/EBYTE_ESP32-S3/src/mesh/aes-ccm.cpp.o
Compiling .pio/build/EBYTE_ESP32-S3/src/mesh/api/PacketAPI.cpp.o
Compiling .pio/build/EBYTE_ESP32-S3/src/mesh/api/ServerAPI.cpp.o
Compiling .pio/build/EBYTE_ESP32-S3/src/mesh/api/WiFiServerAPI.cpp.o
Compiling .pio/build/EBYTE_ESP32-S3/src/mesh/api/ethServerAPI.cpp.o
Compiling .pio/build/EBYTE_ESP32-S3/src/mesh/compression/unishox2.cpp.o
Compiling .pio/build/EBYTE_ESP32-S3/src/mesh/generated/meshtastic/admin.pb.cpp.o
Compiling .pio/build/EBYTE_ESP32-S3/src/mesh/generated/meshtastic/apponly.pb.cpp.o
Compiling .pio/build/EBYTE_ESP32-S3/src/mesh/generated/meshtastic/atak.pb.cpp.o
Compiling .pio/build/EBYTE_ESP32-S3/src/mesh/generated/meshtastic/cannedmessages.pb.cpp.o
Compiling .pio/build/EBYTE_ESP32-S3/src/mesh/generated/meshtastic/channel.pb.cpp.o
Compiling .pio/build/EBYTE_ESP32-S3/src/mesh/generated/meshtastic/clientonly.pb.cpp.o
Compiling .pio/build/EBYTE_ESP32-S3/src/mesh/generated/meshtastic/config.pb.cpp.o
Compiling .pio/build/EBYTE_ESP32-S3/src/mesh/generated/meshtastic/connection_status.pb.cpp.o
Compiling .pio/build/EBYTE_ESP32-S3/src/mesh/generated/meshtastic/device_ui.pb.cpp.o
Compiling .pio/build/EBYTE_ESP32-S3/src/mesh/generated/meshtastic/deviceonly.pb.cpp.o
Compiling .pio/build/EBYTE_ESP32-S3/src/mesh/generated/meshtastic/interdevice.pb.cpp.o
Compiling .pio/build/EBYTE_ESP32-S3/src/mesh/generated/meshtastic/localonly.pb.cpp.o
Compiling .pio/build/EBYTE_ESP32-S3/src/mesh/generated/meshtastic/mesh.pb.cpp.o
Compiling .pio/build/EBYTE_ESP32-S3/src/mesh/generated/meshtastic/module_config.pb.cpp.o
Compiling .pio/build/EBYTE_ESP32-S3/src/mesh/generated/meshtastic/mqtt.pb.cpp.o
Compiling .pio/build/EBYTE_ESP32-S3/src/mesh/generated/meshtastic/paxcount.pb.cpp.o
Compiling .pio/build/EBYTE_ESP32-S3/src/mesh/generated/meshtastic/portnums.pb.cpp.o
Compiling .pio/build/EBYTE_ESP32-S3/src/mesh/generated/meshtastic/powermon.pb.cpp.o
Compiling .pio/build/EBYTE_ESP32-S3/src/mesh/generated/meshtastic/remote_hardware.pb.cpp.o
Compiling .pio/build/EBYTE_ESP32-S3/src/mesh/generated/meshtastic/rtttl.pb.cpp.o
Compiling .pio/build/EBYTE_ESP32-S3/src/mesh/generated/meshtastic/storeforward.pb.cpp.o
Compiling .pio/build/EBYTE_ESP32-S3/src/mesh/generated/meshtastic/telemetry.pb.cpp.o
Compiling .pio/build/EBYTE_ESP32-S3/src/mesh/generated/meshtastic/xmodem.pb.cpp.o
Compiling .pio/build/EBYTE_ESP32-S3/src/mesh/http/ContentHandler.cpp.o
src/mesh/aes-ccm.cpp: In function 'int constant_time_compare(const void*, const void*, size_t)':
src/mesh/aes-ccm.cpp:24:76: warning: type qualifiers ignored on cast result type [-Wignored-qualifiers]
     const volatile uint8_t *volatile a = (const volatile uint8_t *volatile)a_;
                                                                            ^~
src/mesh/aes-ccm.cpp:25:76: warning: type qualifiers ignored on cast result type [-Wignored-qualifiers]
     const volatile uint8_t *volatile b = (const volatile uint8_t *volatile)b_;
                                                                            ^~
Compiling .pio/build/EBYTE_ESP32-S3/src/mesh/http/ContentHelper.cpp.o
Compiling .pio/build/EBYTE_ESP32-S3/src/mesh/http/WebServer.cpp.o
Compiling .pio/build/EBYTE_ESP32-S3/src/mesh/mesh-pb-constants.cpp.o
Compiling .pio/build/EBYTE_ESP32-S3/src/mesh/wifi/WiFiAPClient.cpp.o
Compiling .pio/build/EBYTE_ESP32-S3/src/meshUtils.cpp.o
Compiling .pio/build/EBYTE_ESP32-S3/src/modules/AdminModule.cpp.o
Compiling .pio/build/EBYTE_ESP32-S3/src/modules/AtakPluginModule.cpp.o
Compiling .pio/build/EBYTE_ESP32-S3/src/modules/CannedMessageModule.cpp.o
Compiling .pio/build/EBYTE_ESP32-S3/src/modules/DetectionSensorModule.cpp.o
Compiling .pio/build/EBYTE_ESP32-S3/src/modules/DropzoneModule.cpp.o
Compiling .pio/build/EBYTE_ESP32-S3/src/modules/ExternalNotificationModule.cpp.o
Compiling .pio/build/EBYTE_ESP32-S3/src/modules/GenericThreadModule.cpp.o
Compiling .pio/build/EBYTE_ESP32-S3/src/modules/KeyVerificationModule.cpp.o
Compiling .pio/build/EBYTE_ESP32-S3/src/modules/Modules.cpp.o
Compiling .pio/build/EBYTE_ESP32-S3/src/modules/NeighborInfoModule.cpp.o
Compiling .pio/build/EBYTE_ESP32-S3/src/modules/NodeInfoModule.cpp.o
In file included from .pio/libdeps/EBYTE_ESP32-S3/esp32_https_server/src/HTTPServer.hpp:11,
                 from .pio/libdeps/EBYTE_ESP32-S3/esp32_https_server/src/HTTPSServer.hpp:16,
                 from src/mesh/http/ContentHandler.cpp:40:
/home/vscode/.platformio/packages/framework-arduinoespressif32/tools/sdk/esp32s3/include/lwip/lwip/src/include/lwip/netdb.h:75: warning: "NO_DATA" redefined
 #define NO_DATA         211
 
In file included from .pio/libdeps/EBYTE_ESP32-S3/DFRobot_BMM150/DFRobot_BMM150.h:13,
                 from src/motion/BMM150Sensor.h:10,
                 from src/motion/AccelerometerThread.h:16,
                 from src/main.h:69,
                 from src/mesh/http/ContentHandler.cpp:6:
.pio/libdeps/EBYTE_ESP32-S3/DFRobot_BMM150/bmm150_defs.h:430: note: this is the location of the previous definition
 #define NO_DATA                          -32768
 
In file included from .pio/libdeps/EBYTE_ESP32-S3/esp32_https_server/src/HTTPServer.hpp:11,
                 from .pio/libdeps/EBYTE_ESP32-S3/esp32_https_server/src/HTTPSServer.hpp:16,
                 from src/mesh/http/WebServer.cpp:45:
/home/vscode/.platformio/packages/framework-arduinoespressif32/tools/sdk/esp32s3/include/lwip/lwip/src/include/lwip/netdb.h:75: warning: "NO_DATA" redefined
 #define NO_DATA         211
 
In file included from .pio/libdeps/EBYTE_ESP32-S3/DFRobot_BMM150/DFRobot_BMM150.h:13,
                 from src/motion/BMM150Sensor.h:10,
                 from src/motion/AccelerometerThread.h:16,
                 from src/main.h:69,
                 from src/mesh/http/WebServer.cpp:5:
.pio/libdeps/EBYTE_ESP32-S3/DFRobot_BMM150/bmm150_defs.h:430: note: this is the location of the previous definition
 #define NO_DATA                          -32768
 
Compiling .pio/build/EBYTE_ESP32-S3/src/modules/OnScreenKeyboardModule.cpp.o
Compiling .pio/build/EBYTE_ESP32-S3/src/modules/PositionModule.cpp.o
Compiling .pio/build/EBYTE_ESP32-S3/src/modules/PowerStressModule.cpp.o
Compiling .pio/build/EBYTE_ESP32-S3/src/modules/RangeTestModule.cpp.o
src/modules/KeyVerificationModule.cpp: In member function 'virtual bool KeyVerificationModule::handleReceivedProtobuf(const meshtastic_MeshPacket&, meshtastic_KeyVerification*)':
src/modules/KeyVerificationModule.cpp:89:32: warning: unused variable 'optionsArray' [-Wunused-variable]
             static const char *optionsArray[] = {"Reject", "Accept"};
                                ^~~~~~~~~~~~
src/modules/KeyVerificationModule.cpp: At global scope:
src/modules/KeyVerificationModule.cpp:89:32: warning: 'optionsArray' defined but not used [-Wunused-variable]
Compiling .pio/build/EBYTE_ESP32-S3/src/modules/RemoteHardwareModule.cpp.o
Compiling .pio/build/EBYTE_ESP32-S3/src/modules/ReplyBotModule.cpp.o
Compiling .pio/build/EBYTE_ESP32-S3/src/modules/ReplyModule.cpp.o
Compiling .pio/build/EBYTE_ESP32-S3/src/modules/RoutingModule.cpp.o
Compiling .pio/build/EBYTE_ESP32-S3/src/modules/SerialModule.cpp.o
Compiling .pio/build/EBYTE_ESP32-S3/src/modules/StatusLEDModule.cpp.o
Compiling .pio/build/EBYTE_ESP32-S3/src/modules/StatusMessageModule.cpp.o
Compiling .pio/build/EBYTE_ESP32-S3/src/modules/StoreForwardModule.cpp.o
Compiling .pio/build/EBYTE_ESP32-S3/src/modules/SystemCommandsModule.cpp.o
Compiling .pio/build/EBYTE_ESP32-S3/src/modules/Telemetry/AirQualityTelemetry.cpp.o
Compiling .pio/build/EBYTE_ESP32-S3/src/modules/Telemetry/DeviceTelemetry.cpp.o
Compiling .pio/build/EBYTE_ESP32-S3/src/modules/Telemetry/EnvironmentTelemetry.cpp.o
Compiling .pio/build/EBYTE_ESP32-S3/src/modules/Telemetry/HealthTelemetry.cpp.o
Compiling .pio/build/EBYTE_ESP32-S3/src/modules/Telemetry/HostMetrics.cpp.o
Compiling .pio/build/EBYTE_ESP32-S3/src/modules/Telemetry/PowerTelemetry.cpp.o
Compiling .pio/build/EBYTE_ESP32-S3/src/modules/Telemetry/Sensor/AHT10.cpp.o
Compiling .pio/build/EBYTE_ESP32-S3/src/modules/Telemetry/Sensor/BH1750Sensor.cpp.o
Compiling .pio/build/EBYTE_ESP32-S3/src/modules/Telemetry/Sensor/BME280Sensor.cpp.o
Compiling .pio/build/EBYTE_ESP32-S3/src/modules/Telemetry/Sensor/BME680Sensor.cpp.o
src/modules/SystemCommandsModule.cpp: In member function 'int SystemCommandsModule::handleInputEvent(const InputEvent*)':
src/modules/SystemCommandsModule.cpp:99:25: warning: unused variable 'msg' [-Wunused-variable]
             const char *msg =
                         ^~~
Compiling .pio/build/EBYTE_ESP32-S3/src/modules/Telemetry/Sensor/BMP085Sensor.cpp.o
Compiling .pio/build/EBYTE_ESP32-S3/src/modules/Telemetry/Sensor/BMP280Sensor.cpp.o
Compiling .pio/build/EBYTE_ESP32-S3/src/modules/Telemetry/Sensor/BMP3XXSensor.cpp.o
Compiling .pio/build/EBYTE_ESP32-S3/src/modules/Telemetry/Sensor/CGRadSensSensor.cpp.o
Compiling .pio/build/EBYTE_ESP32-S3/src/modules/Telemetry/Sensor/DFRobotGravitySensor.cpp.o
Compiling .pio/build/EBYTE_ESP32-S3/src/modules/Telemetry/Sensor/DFRobotLarkSensor.cpp.o
Compiling .pio/build/EBYTE_ESP32-S3/src/modules/Telemetry/Sensor/DPS310Sensor.cpp.o
Compiling .pio/build/EBYTE_ESP32-S3/src/modules/Telemetry/Sensor/INA219Sensor.cpp.o
Compiling .pio/build/EBYTE_ESP32-S3/src/modules/Telemetry/Sensor/INA226Sensor.cpp.o
Compiling .pio/build/EBYTE_ESP32-S3/src/modules/Telemetry/Sensor/INA260Sensor.cpp.o
Compiling .pio/build/EBYTE_ESP32-S3/src/modules/Telemetry/Sensor/INA3221Sensor.cpp.o
Compiling .pio/build/EBYTE_ESP32-S3/src/modules/Telemetry/Sensor/IndicatorSensor.cpp.o
Compiling .pio/build/EBYTE_ESP32-S3/src/modules/Telemetry/Sensor/LPS22HBSensor.cpp.o
Compiling .pio/build/EBYTE_ESP32-S3/src/modules/Telemetry/Sensor/LTR390UVSensor.cpp.o
Compiling .pio/build/EBYTE_ESP32-S3/src/modules/Telemetry/Sensor/MAX17048Sensor.cpp.o
Compiling .pio/build/EBYTE_ESP32-S3/src/modules/Telemetry/Sensor/MAX30102Sensor.cpp.o
Compiling .pio/build/EBYTE_ESP32-S3/src/modules/Telemetry/Sensor/MCP9808Sensor.cpp.o
Compiling .pio/build/EBYTE_ESP32-S3/src/modules/Telemetry/Sensor/MLX90614Sensor.cpp.o
Compiling .pio/build/EBYTE_ESP32-S3/src/modules/Telemetry/Sensor/MLX90632Sensor.cpp.o
Compiling .pio/build/EBYTE_ESP32-S3/src/modules/Telemetry/Sensor/NAU7802Sensor.cpp.o
Compiling .pio/build/EBYTE_ESP32-S3/src/modules/Telemetry/Sensor/OPT3001Sensor.cpp.o
Compiling .pio/build/EBYTE_ESP32-S3/src/modules/Telemetry/Sensor/PCT2075Sensor.cpp.o
Compiling .pio/build/EBYTE_ESP32-S3/src/modules/Telemetry/Sensor/PMSA003ISensor.cpp.o
Compiling .pio/build/EBYTE_ESP32-S3/src/modules/Telemetry/Sensor/RAK12035Sensor.cpp.o
Compiling .pio/build/EBYTE_ESP32-S3/src/modules/Telemetry/Sensor/RAK9154Sensor.cpp.o
Compiling .pio/build/EBYTE_ESP32-S3/src/modules/Telemetry/Sensor/RCWL9620Sensor.cpp.o
Compiling .pio/build/EBYTE_ESP32-S3/src/modules/Telemetry/Sensor/SCD30Sensor.cpp.o
Compiling .pio/build/EBYTE_ESP32-S3/src/modules/Telemetry/Sensor/SCD4XSensor.cpp.o
Compiling .pio/build/EBYTE_ESP32-S3/src/modules/Telemetry/Sensor/SEN5XSensor.cpp.o
Compiling .pio/build/EBYTE_ESP32-S3/src/modules/Telemetry/Sensor/SFA30Sensor.cpp.o
Compiling .pio/build/EBYTE_ESP32-S3/src/modules/Telemetry/Sensor/SHTXXSensor.cpp.o
Compiling .pio/build/EBYTE_ESP32-S3/src/modules/Telemetry/Sensor/T1000xSensor.cpp.o
Compiling .pio/build/EBYTE_ESP32-S3/src/modules/Telemetry/Sensor/TSL2561Sensor.cpp.o
Compiling .pio/build/EBYTE_ESP32-S3/src/modules/Telemetry/Sensor/TSL2591Sensor.cpp.o
Compiling .pio/build/EBYTE_ESP32-S3/src/modules/Telemetry/Sensor/TelemetrySensor.cpp.o
Compiling .pio/build/EBYTE_ESP32-S3/src/modules/Telemetry/Sensor/VEML7700Sensor.cpp.o
Compiling .pio/build/EBYTE_ESP32-S3/src/modules/Telemetry/Sensor/nullSensor.cpp.o
Compiling .pio/build/EBYTE_ESP32-S3/src/modules/Telemetry/UnitConversions.cpp.o
Compiling .pio/build/EBYTE_ESP32-S3/src/modules/TextMessageModule.cpp.o
Compiling .pio/build/EBYTE_ESP32-S3/src/modules/TraceRouteModule.cpp.o
Compiling .pio/build/EBYTE_ESP32-S3/src/modules/TrafficManagementModule.cpp.o
Compiling .pio/build/EBYTE_ESP32-S3/src/modules/WaypointModule.cpp.o
Compiling .pio/build/EBYTE_ESP32-S3/src/modules/esp32/AudioModule.cpp.o
Compiling .pio/build/EBYTE_ESP32-S3/src/modules/esp32/PaxcounterModule.cpp.o
Compiling .pio/build/EBYTE_ESP32-S3/src/motion/BMA423Sensor.cpp.o
Compiling .pio/build/EBYTE_ESP32-S3/src/motion/BMI270Sensor.cpp.o
Compiling .pio/build/EBYTE_ESP32-S3/src/motion/BMM150Sensor.cpp.o
Compiling .pio/build/EBYTE_ESP32-S3/src/motion/BMX160Sensor.cpp.o
Compiling .pio/build/EBYTE_ESP32-S3/src/motion/ICM20948Sensor.cpp.o
Compiling .pio/build/EBYTE_ESP32-S3/src/motion/LIS3DHSensor.cpp.o
Compiling .pio/build/EBYTE_ESP32-S3/src/motion/LSM6DS3Sensor.cpp.o
Compiling .pio/build/EBYTE_ESP32-S3/src/motion/MPU6050Sensor.cpp.o
Compiling .pio/build/EBYTE_ESP32-S3/src/motion/MotionSensor.cpp.o
Compiling .pio/build/EBYTE_ESP32-S3/src/motion/QMA6100PSensor.cpp.o
Compiling .pio/build/EBYTE_ESP32-S3/src/motion/STK8XXXSensor.cpp.o
Compiling .pio/build/EBYTE_ESP32-S3/src/mqtt/MQTT.cpp.o
Compiling .pio/build/EBYTE_ESP32-S3/src/mqtt/ServiceEnvelope.cpp.o
Compiling .pio/build/EBYTE_ESP32-S3/src/network-stubs.cpp.o
Compiling .pio/build/EBYTE_ESP32-S3/src/nimble/NimbleBluetooth.cpp.o
Compiling .pio/build/EBYTE_ESP32-S3/src/platform/esp32/ESP32CryptoEngine.cpp.o
Compiling .pio/build/EBYTE_ESP32-S3/src/platform/esp32/MeshtasticOTA.cpp.o
Compiling .pio/build/EBYTE_ESP32-S3/src/platform/esp32/SimpleAllocator.cpp.o
Compiling .pio/build/EBYTE_ESP32-S3/src/platform/esp32/iram-quirk.c.o
Compiling .pio/build/EBYTE_ESP32-S3/src/platform/esp32/main-esp32.cpp.o
Compiling .pio/build/EBYTE_ESP32-S3/src/platform/extra_variants/heltec_wireless_tracker/variant.cpp.o
Compiling .pio/build/EBYTE_ESP32-S3/src/platform/extra_variants/t_deck_pro/variant.cpp.o
Compiling .pio/build/EBYTE_ESP32-S3/src/platform/extra_variants/t_lora_pager/variant.cpp.o
Compiling .pio/build/EBYTE_ESP32-S3/src/platform/extra_variants/tbeam_displayshield/variant.cpp.o
Compiling .pio/build/EBYTE_ESP32-S3/src/power/PowerHAL.cpp.o
Compiling .pio/build/EBYTE_ESP32-S3/src/serialization/JSON.cpp.o
Compiling .pio/build/EBYTE_ESP32-S3/src/serialization/JSONValue.cpp.o
Compiling .pio/build/EBYTE_ESP32-S3/src/serialization/MeshPacketSerializer.cpp.o
Compiling .pio/build/EBYTE_ESP32-S3/src/serialization/MeshPacketSerializer_nRF52.cpp.o
Compiling .pio/build/EBYTE_ESP32-S3/src/serialization/cobs.cpp.o
Compiling .pio/build/EBYTE_ESP32-S3/src/sleep.cpp.o
Compiling .pio/build/EBYTE_ESP32-S3/src/watchdog/watchdogThread.cpp.o
Compiling .pio/build/EBYTE_ESP32-S3/src/xmodem.cpp.o
Building .pio/build/EBYTE_ESP32-S3/bootloader.bin
Generating partitions .pio/build/EBYTE_ESP32-S3/partitions.bin
esptool.py v4.11.0
Creating esp32s3 image...
Merged 1 ELF section
Successfully created esp32s3 image.
Compiling .pio/build/EBYTE_ESP32-S3/libfab/Wire/Wire.cpp.o
Compiling .pio/build/EBYTE_ESP32-S3/libea1/SPI/SPI.cpp.o
Compiling .pio/build/EBYTE_ESP32-S3/lib6e6/ESP8266 and ESP32 OLED driver for SSD1306 displays/OLEDDisplay.cpp.o
Compiling .pio/build/EBYTE_ESP32-S3/lib6e6/ESP8266 and ESP32 OLED driver for SSD1306 displays/OLEDDisplayFonts.cpp.o
Compiling .pio/build/EBYTE_ESP32-S3/lib6e6/ESP8266 and ESP32 OLED driver for SSD1306 displays/OLEDDisplayUi.cpp.o
Compiling .pio/build/EBYTE_ESP32-S3/lib276/OneButton/OneButton.cpp.o
Compiling .pio/build/EBYTE_ESP32-S3/lib276/OneButton/OneButtonTiny.cpp.o
Compiling .pio/build/EBYTE_ESP32-S3/lib02b/arduino-fsm/Fsm.cpp.o
Compiling .pio/build/EBYTE_ESP32-S3/lib5dd/TinyGPSPlus/TinyGPS++.cpp.o
Compiling .pio/build/EBYTE_ESP32-S3/libe00/ArduinoThread/Thread.cpp.o
Compiling .pio/build/EBYTE_ESP32-S3/libe00/ArduinoThread/ThreadController.cpp.o
Compiling .pio/build/EBYTE_ESP32-S3/lib8b3/Nanopb/pb_common.c.o
Compiling .pio/build/EBYTE_ESP32-S3/lib8b3/Nanopb/pb_decode.c.o
Compiling .pio/build/EBYTE_ESP32-S3/lib8b3/Nanopb/pb_encode.c.o
Compiling .pio/build/EBYTE_ESP32-S3/libcb1/ErriezCRC32/ErriezCRC32.c.o
Archiving .pio/build/EBYTE_ESP32-S3/libfab/libWire.a
Indexing .pio/build/EBYTE_ESP32-S3/libfab/libWire.a
Compiling .pio/build/EBYTE_ESP32-S3/libbee/NonBlockingRTTTL/NonBlockingRtttl.cpp.o
Archiving .pio/build/EBYTE_ESP32-S3/libea1/libSPI.a
Archiving .pio/build/EBYTE_ESP32-S3/lib8b3/libNanopb.a
Archiving .pio/build/EBYTE_ESP32-S3/libcb1/libErriezCRC32.a
Indexing .pio/build/EBYTE_ESP32-S3/libea1/libSPI.a
Indexing .pio/build/EBYTE_ESP32-S3/lib8b3/libNanopb.a
Indexing .pio/build/EBYTE_ESP32-S3/libcb1/libErriezCRC32.a
Compiling .pio/build/EBYTE_ESP32-S3/lib8db/TBPubSubClient/PubSubClient.cpp.o
Compiling .pio/build/EBYTE_ESP32-S3/lib7d4/NTPClient/NTPClient.cpp.o
Compiling .pio/build/EBYTE_ESP32-S3/lib3fd/Syslog/Syslog.cpp.o
Archiving .pio/build/EBYTE_ESP32-S3/lib02b/libarduino-fsm.a
Archiving .pio/build/EBYTE_ESP32-S3/lib276/libOneButton.a
Archiving .pio/build/EBYTE_ESP32-S3/lib6e6/libESP8266 and ESP32 OLED driver for SSD1306 displays.a
Indexing .pio/build/EBYTE_ESP32-S3/lib02b/libarduino-fsm.a
Indexing .pio/build/EBYTE_ESP32-S3/lib276/libOneButton.a
Indexing .pio/build/EBYTE_ESP32-S3/lib6e6/libESP8266 and ESP32 OLED driver for SSD1306 displays.a
Compiling .pio/build/EBYTE_ESP32-S3/libfe6/Adafruit BusIO/Adafruit_BusIO_Register.cpp.o
Compiling .pio/build/EBYTE_ESP32-S3/libfe6/Adafruit BusIO/Adafruit_GenericDevice.cpp.o
Archiving .pio/build/EBYTE_ESP32-S3/lib5dd/libTinyGPSPlus.a
Compiling .pio/build/EBYTE_ESP32-S3/libfe6/Adafruit BusIO/Adafruit_I2CDevice.cpp.o
Indexing .pio/build/EBYTE_ESP32-S3/lib5dd/libTinyGPSPlus.a
Compiling .pio/build/EBYTE_ESP32-S3/libfe6/Adafruit BusIO/Adafruit_SPIDevice.cpp.o
Compiling .pio/build/EBYTE_ESP32-S3/lib559/Adafruit Unified Sensor/Adafruit_Sensor.cpp.o
Archiving .pio/build/EBYTE_ESP32-S3/libe00/libArduinoThread.a
Indexing .pio/build/EBYTE_ESP32-S3/libe00/libArduinoThread.a
Compiling .pio/build/EBYTE_ESP32-S3/lib319/Adafruit GFX Library/Adafruit_GFX.cpp.o
Compiling .pio/build/EBYTE_ESP32-S3/lib319/Adafruit GFX Library/Adafruit_GrayOLED.cpp.o
Compiling .pio/build/EBYTE_ESP32-S3/lib319/Adafruit GFX Library/Adafruit_SPITFT.cpp.o
Compiling .pio/build/EBYTE_ESP32-S3/lib319/Adafruit GFX Library/glcdfont.c.o
Compiling .pio/build/EBYTE_ESP32-S3/lib769/Adafruit NeoPixel/Adafruit_NeoPixel.cpp.o
Archiving .pio/build/EBYTE_ESP32-S3/libbee/libNonBlockingRTTTL.a
Compiling .pio/build/EBYTE_ESP32-S3/lib769/Adafruit NeoPixel/Adafruit_Neopixel_RP2.cpp.o
Indexing .pio/build/EBYTE_ESP32-S3/libbee/libNonBlockingRTTTL.a
Compiling .pio/build/EBYTE_ESP32-S3/lib769/Adafruit NeoPixel/esp.c.o
Compiling .pio/build/EBYTE_ESP32-S3/lib769/Adafruit NeoPixel/esp8266.c.o
Compiling .pio/build/EBYTE_ESP32-S3/lib769/Adafruit NeoPixel/kendyte_k210.c.o
Compiling .pio/build/EBYTE_ESP32-S3/lib769/Adafruit NeoPixel/psoc6.c.o
Compiling .pio/build/EBYTE_ESP32-S3/lib62d/Adafruit SSD1306/Adafruit_SSD1306.cpp.o
Archiving .pio/build/EBYTE_ESP32-S3/lib7d4/libNTPClient.a
Archiving .pio/build/EBYTE_ESP32-S3/lib8db/libTBPubSubClient.a
Indexing .pio/build/EBYTE_ESP32-S3/lib8db/libTBPubSubClient.a
Indexing .pio/build/EBYTE_ESP32-S3/lib7d4/libNTPClient.a
Compiling .pio/build/EBYTE_ESP32-S3/lib790/Adafruit BMP280 Library/Adafruit_BMP280.cpp.o
Archiving .pio/build/EBYTE_ESP32-S3/lib3fd/libSyslog.a
Indexing .pio/build/EBYTE_ESP32-S3/lib3fd/libSyslog.a
Compiling .pio/build/EBYTE_ESP32-S3/lib678/Adafruit BMP085 Library/Adafruit_BMP085.cpp.o
Compiling .pio/build/EBYTE_ESP32-S3/lib25d/Adafruit BME280 Library/Adafruit_BME280.cpp.o
Archiving .pio/build/EBYTE_ESP32-S3/libfe6/libAdafruit BusIO.a
Indexing .pio/build/EBYTE_ESP32-S3/libfe6/libAdafruit BusIO.a
Compiling .pio/build/EBYTE_ESP32-S3/lib6c6/Adafruit DPS310/Adafruit_DPS310.cpp.o
Archiving .pio/build/EBYTE_ESP32-S3/lib559/libAdafruit Unified Sensor.a
Indexing .pio/build/EBYTE_ESP32-S3/lib559/libAdafruit Unified Sensor.a
Compiling .pio/build/EBYTE_ESP32-S3/lib7d0/Adafruit SH110X/Adafruit_SH1106G.cpp.o
Archiving .pio/build/EBYTE_ESP32-S3/lib319/libAdafruit GFX Library.a
Compiling .pio/build/EBYTE_ESP32-S3/lib7d0/Adafruit SH110X/Adafruit_SH1107.cpp.o
Indexing .pio/build/EBYTE_ESP32-S3/lib319/libAdafruit GFX Library.a
Compiling .pio/build/EBYTE_ESP32-S3/lib7d0/Adafruit SH110X/Adafruit_SH110X.cpp.o
Archiving .pio/build/EBYTE_ESP32-S3/lib769/libAdafruit NeoPixel.a
Indexing .pio/build/EBYTE_ESP32-S3/lib769/libAdafruit NeoPixel.a
Compiling .pio/build/EBYTE_ESP32-S3/lib978/Adafruit MCP9808 Library/Adafruit_MCP9808.cpp.o
Compiling .pio/build/EBYTE_ESP32-S3/libc4f/Adafruit INA260 Library/Adafruit_INA260.cpp.o
Compiling .pio/build/EBYTE_ESP32-S3/lib7a0/Adafruit INA219/Adafruit_INA219.cpp.o
Archiving .pio/build/EBYTE_ESP32-S3/lib62d/libAdafruit SSD1306.a
Indexing .pio/build/EBYTE_ESP32-S3/lib62d/libAdafruit SSD1306.a
Compiling .pio/build/EBYTE_ESP32-S3/lib93c/Adafruit MPU6050/Adafruit_MPU6050.cpp.o
Archiving .pio/build/EBYTE_ESP32-S3/lib790/libAdafruit BMP280 Library.a
Indexing .pio/build/EBYTE_ESP32-S3/lib790/libAdafruit BMP280 Library.a
Compiling .pio/build/EBYTE_ESP32-S3/lib82f/Adafruit LIS3DH/Adafruit_LIS3DH.cpp.o
Archiving .pio/build/EBYTE_ESP32-S3/lib678/libAdafruit BMP085 Library.a
Indexing .pio/build/EBYTE_ESP32-S3/lib678/libAdafruit BMP085 Library.a
Compiling .pio/build/EBYTE_ESP32-S3/lib87d/Adafruit AHTX0/Adafruit_AHTX0.cpp.o
Archiving .pio/build/EBYTE_ESP32-S3/lib25d/libAdafruit BME280 Library.a
Indexing .pio/build/EBYTE_ESP32-S3/lib25d/libAdafruit BME280 Library.a
Compiling .pio/build/EBYTE_ESP32-S3/libe51/Adafruit LSM6DS/Adafruit_ISM330DHCX.cpp.o
Archiving .pio/build/EBYTE_ESP32-S3/lib6c6/libAdafruit DPS310.a
Indexing .pio/build/EBYTE_ESP32-S3/lib6c6/libAdafruit DPS310.a
Compiling .pio/build/EBYTE_ESP32-S3/libe51/Adafruit LSM6DS/Adafruit_LSM6DS.cpp.o
Compiling .pio/build/EBYTE_ESP32-S3/libe51/Adafruit LSM6DS/Adafruit_LSM6DS3.cpp.o
Compiling .pio/build/EBYTE_ESP32-S3/libe51/Adafruit LSM6DS/Adafruit_LSM6DS33.cpp.o
Compiling .pio/build/EBYTE_ESP32-S3/libe51/Adafruit LSM6DS/Adafruit_LSM6DS3TRC.cpp.o
Compiling .pio/build/EBYTE_ESP32-S3/libe51/Adafruit LSM6DS/Adafruit_LSM6DSL.cpp.o
Compiling .pio/build/EBYTE_ESP32-S3/libe51/Adafruit LSM6DS/Adafruit_LSM6DSO32.cpp.o
Compiling .pio/build/EBYTE_ESP32-S3/libe51/Adafruit LSM6DS/Adafruit_LSM6DSOX.cpp.o
Compiling .pio/build/EBYTE_ESP32-S3/libf2d/Adafruit TSL2591 Library/Adafruit_TSL2591.cpp.o
Archiving .pio/build/EBYTE_ESP32-S3/lib7d0/libAdafruit SH110X.a
Indexing .pio/build/EBYTE_ESP32-S3/lib7d0/libAdafruit SH110X.a
Archiving .pio/build/EBYTE_ESP32-S3/lib978/libAdafruit MCP9808 Library.a
Indexing .pio/build/EBYTE_ESP32-S3/lib978/libAdafruit MCP9808 Library.a
Compiling .pio/build/EBYTE_ESP32-S3/lib58e/EmotiBit MLX90632/SparkFun_MLX90632_Arduino_Library.cpp.o
Archiving .pio/build/EBYTE_ESP32-S3/libc4f/libAdafruit INA260 Library.a
Indexing .pio/build/EBYTE_ESP32-S3/libc4f/libAdafruit INA260 Library.a
Compiling .pio/build/EBYTE_ESP32-S3/liba08/Adafruit MLX90614 Library/Adafruit_MLX90614.cpp.o
Archiving .pio/build/EBYTE_ESP32-S3/lib7a0/libAdafruit INA219.a
Indexing .pio/build/EBYTE_ESP32-S3/lib7a0/libAdafruit INA219.a
Compiling .pio/build/EBYTE_ESP32-S3/lib55f/INA3221/INA3221.cpp.o
Compiling .pio/build/EBYTE_ESP32-S3/libfb6/QMC5883LCompass/QMC5883LCompass.cpp.o
Archiving .pio/build/EBYTE_ESP32-S3/lib93c/libAdafruit MPU6050.a
Indexing .pio/build/EBYTE_ESP32-S3/lib93c/libAdafruit MPU6050.a
Compiling .pio/build/EBYTE_ESP32-S3/lib0d1/DFRobot_RTU/DFRobot_RTU.cpp.o
Archiving .pio/build/EBYTE_ESP32-S3/lib87d/libAdafruit AHTX0.a
Archiving .pio/build/EBYTE_ESP32-S3/lib82f/libAdafruit LIS3DH.a
Indexing .pio/build/EBYTE_ESP32-S3/lib87d/libAdafruit AHTX0.a
Indexing .pio/build/EBYTE_ESP32-S3/lib82f/libAdafruit LIS3DH.a
Compiling .pio/build/EBYTE_ESP32-S3/lib9dd/DFRobot_RainfallSensor/DFRobot_RainfallSensor.cpp.o
Compiling .pio/build/EBYTE_ESP32-S3/liba50/INA226/INA226.cpp.o
Archiving .pio/build/EBYTE_ESP32-S3/libf2d/libAdafruit TSL2591 Library.a
Archiving .pio/build/EBYTE_ESP32-S3/libe51/libAdafruit LSM6DS.a
Indexing .pio/build/EBYTE_ESP32-S3/libf2d/libAdafruit TSL2591 Library.a
.pio/libdeps/EBYTE_ESP32-S3/EmotiBit MLX90632/src/SparkFun_MLX90632_Arduino_Library.cpp: In member function 'float MLX90632::getObjectTempF()':
.pio/libdeps/EBYTE_ESP32-S3/EmotiBit MLX90632/src/SparkFun_MLX90632_Arduino_Library.cpp:419:9: warning: unused variable 'AMB' [-Wunused-variable]
   float AMB;
         ^~~
.pio/libdeps/EBYTE_ESP32-S3/EmotiBit MLX90632/src/SparkFun_MLX90632_Arduino_Library.cpp:420:9: warning: unused variable 'Sto' [-Wunused-variable]
   float Sto;
         ^~~
Indexing .pio/build/EBYTE_ESP32-S3/libe51/libAdafruit LSM6DS.a
.pio/libdeps/EBYTE_ESP32-S3/EmotiBit MLX90632/src/SparkFun_MLX90632_Arduino_Library.cpp: In member function 'void MLX90632::setMeasurementRate(uint8_t)':
.pio/libdeps/EBYTE_ESP32-S3/EmotiBit MLX90632/src/SparkFun_MLX90632_Arduino_Library.cpp:775:19: warning: unused variable 'returnError' [-Wunused-variable]
  MLX90632::status returnError = setMode(MODE_STEP);
                   ^~~~~~~~~~~
Compiling .pio/build/EBYTE_ESP32-S3/lib508/SparkFun MAX3010x Pulse and Proximity Sensor Library/MAX30105.cpp.o
Archiving .pio/build/EBYTE_ESP32-S3/lib58e/libEmotiBit MLX90632.a
Compiling .pio/build/EBYTE_ESP32-S3/lib508/SparkFun MAX3010x Pulse and Proximity Sensor Library/heartRate.cpp.o
Indexing .pio/build/EBYTE_ESP32-S3/lib58e/libEmotiBit MLX90632.a
Archiving .pio/build/EBYTE_ESP32-S3/liba08/libAdafruit MLX90614 Library.a
Indexing .pio/build/EBYTE_ESP32-S3/liba08/libAdafruit MLX90614 Library.a
Compiling .pio/build/EBYTE_ESP32-S3/lib508/SparkFun MAX3010x Pulse and Proximity Sensor Library/spo2_algorithm.cpp.o
Compiling .pio/build/EBYTE_ESP32-S3/lib537/SparkFun 9DoF IMU Breakout - ICM 20948 - Arduino Library/ICM_20948.cpp.o
Archiving .pio/build/EBYTE_ESP32-S3/lib55f/libINA3221.a
Compiling .pio/build/EBYTE_ESP32-S3/lib537/SparkFun 9DoF IMU Breakout - ICM 20948 - Arduino Library/util/ICM_20948_C.c.o
Indexing .pio/build/EBYTE_ESP32-S3/lib55f/libINA3221.a
Compiling .pio/build/EBYTE_ESP32-S3/lib01f/Adafruit LTR390 Library/Adafruit_LTR390.cpp.o
Compiling .pio/build/EBYTE_ESP32-S3/libc7b/Adafruit PCT2075/Adafruit_PCT2075.cpp.o
In file included from .pio/libdeps/EBYTE_ESP32-S3/SparkFun MAX3010x Pulse and Proximity Sensor Library/src/MAX30105.cpp:12:
.pio/libdeps/EBYTE_ESP32-S3/SparkFun MAX3010x Pulse and Proximity Sensor Library/src/MAX30105.h:42: warning: "I2C_BUFFER_LENGTH" redefined
   #define I2C_BUFFER_LENGTH 32
 
In file included from .pio/libdeps/EBYTE_ESP32-S3/SparkFun MAX3010x Pulse and Proximity Sensor Library/src/MAX30105.h:20,
                 from .pio/libdeps/EBYTE_ESP32-S3/SparkFun MAX3010x Pulse and Proximity Sensor Library/src/MAX30105.cpp:12:
/home/vscode/.platformio/packages/framework-arduinoespressif32/libraries/Wire/src/Wire.h:43: note: this is the location of the previous definition
     #define I2C_BUFFER_LENGTH 128  // Default size, if none is set using Wire::setBuffersize(size_t)
 
Archiving .pio/build/EBYTE_ESP32-S3/libfb6/libQMC5883LCompass.a
Indexing .pio/build/EBYTE_ESP32-S3/libfb6/libQMC5883LCompass.a
Compiling .pio/build/EBYTE_ESP32-S3/lib50e/DFRobot_BMM150/DFRobot_BMM150.cpp.o
Compiling .pio/build/EBYTE_ESP32-S3/lib4cc/Adafruit TSL2561/Adafruit_TSL2561_U.cpp.o
Compiling .pio/build/EBYTE_ESP32-S3/libeef/BH1750_WE/BH1750_WE.cpp.o
Archiving .pio/build/EBYTE_ESP32-S3/liba50/libINA226.a
Archiving .pio/build/EBYTE_ESP32-S3/lib0d1/libDFRobot_RTU.a
Archiving .pio/build/EBYTE_ESP32-S3/lib9dd/libDFRobot_RainfallSensor.a
Indexing .pio/build/EBYTE_ESP32-S3/lib9dd/libDFRobot_RainfallSensor.a
Indexing .pio/build/EBYTE_ESP32-S3/lib0d1/libDFRobot_RTU.a
Indexing .pio/build/EBYTE_ESP32-S3/liba50/libINA226.a
.pio/libdeps/EBYTE_ESP32-S3/SparkFun MAX3010x Pulse and Proximity Sensor Library/src/heartRate.cpp: In function 'bool checkForBeat(int32_t)':
.pio/libdeps/EBYTE_ESP32-S3/SparkFun MAX3010x Pulse and Proximity Sensor Library/src/heartRate.cpp:108:33: warning: suggest parentheses around comparison in operand of '&' [-Wparentheses]
     if ((IR_AC_Max - IR_AC_Min) > 20 & (IR_AC_Max - IR_AC_Min) < 1000)
         ~~~~~~~~~~~~~~~~~~~~~~~~^~~~
.pio/libdeps/EBYTE_ESP32-S3/SparkFun MAX3010x Pulse and Proximity Sensor Library/src/MAX30105.cpp: In member function 'void MAX30105::enableSlot(uint8_t, uint8_t)':
.pio/libdeps/EBYTE_ESP32-S3/SparkFun MAX3010x Pulse and Proximity Sensor Library/src/MAX30105.cpp:292:11: warning: unused variable 'originalContents' [-Wunused-variable]
   uint8_t originalContents;
           ^~~~~~~~~~~~~~~~
Compiling .pio/build/EBYTE_ESP32-S3/libe4d/Adafruit BMP3XX Library/Adafruit_BMP3XX.cpp.o
Compiling .pio/build/EBYTE_ESP32-S3/libe4d/Adafruit BMP3XX Library/bmp3.c.o
Compiling .pio/build/EBYTE_ESP32-S3/lib9f9/Adafruit MAX1704X/Adafruit_MAX1704X.cpp.o
Archiving .pio/build/EBYTE_ESP32-S3/lib508/libSparkFun MAX3010x Pulse and Proximity Sensor Library.a
Indexing .pio/build/EBYTE_ESP32-S3/lib508/libSparkFun MAX3010x Pulse and Proximity Sensor Library.a
Compiling .pio/build/EBYTE_ESP32-S3/libd3b/Adafruit SHTC3 Library/Adafruit_SHTC3.cpp.o
Archiving .pio/build/EBYTE_ESP32-S3/lib01f/libAdafruit LTR390 Library.a
Indexing .pio/build/EBYTE_ESP32-S3/lib01f/libAdafruit LTR390 Library.a
Archiving .pio/build/EBYTE_ESP32-S3/lib537/libSparkFun 9DoF IMU Breakout - ICM 20948 - Arduino Library.a
Indexing .pio/build/EBYTE_ESP32-S3/lib537/libSparkFun 9DoF IMU Breakout - ICM 20948 - Arduino Library.a
.pio/libdeps/EBYTE_ESP32-S3/DFRobot_BMM150/DFRobot_BMM150.cpp: In member function 'bool DFRobot_BMM150::sensorInit()':
.pio/libdeps/EBYTE_ESP32-S3/DFRobot_BMM150/DFRobot_BMM150.cpp:23:11: warning: unused variable 'rslt' [-Wunused-variable]
   int8_t  rslt    = 0;
           ^~~~
.pio/libdeps/EBYTE_ESP32-S3/DFRobot_BMM150/DFRobot_BMM150.cpp: In member function 'void DFRobot_BMM150::setMeasurementXYZ(uint8_t, uint8_t, uint8_t)':
.pio/libdeps/EBYTE_ESP32-S3/DFRobot_BMM150/DFRobot_BMM150.cpp:263:11: warning: unused variable 'rslt' [-Wunused-variable]
   int8_t  rslt;
           ^~~~
.pio/libdeps/EBYTE_ESP32-S3/DFRobot_BMM150/DFRobot_BMM150.cpp: In member function 'void DFRobot_BMM150::setInterruputLatch(uint8_t)':
.pio/libdeps/EBYTE_ESP32-S3/DFRobot_BMM150/DFRobot_BMM150.cpp:489:11: warning: unused variable 'rslt' [-Wunused-variable]
   int8_t  rslt;
           ^~~~
.pio/libdeps/EBYTE_ESP32-S3/DFRobot_BMM150/DFRobot_BMM150.cpp: In member function 'int8_t DFRobot_BMM150::normalSelfTest()':
.pio/libdeps/EBYTE_ESP32-S3/DFRobot_BMM150/DFRobot_BMM150.cpp:706:10: warning: unused variable 'rslt' [-Wunused-variable]
   int8_t rslt;
          ^~~~
.pio/libdeps/EBYTE_ESP32-S3/DFRobot_BMM150/DFRobot_BMM150.cpp: In member function 'int8_t DFRobot_BMM150::advSelfTest()':
.pio/libdeps/EBYTE_ESP32-S3/DFRobot_BMM150/DFRobot_BMM150.cpp:776:11: warning: unused variable 'selfTestCurrent' [-Wunused-variable]
   uint8_t selfTestCurrent;
           ^~~~~~~~~~~~~~~
.pio/libdeps/EBYTE_ESP32-S3/DFRobot_BMM150/DFRobot_BMM150.cpp: In member function 'bool DFRobot_BMM150::getDataOverrunState()':
.pio/libdeps/EBYTE_ESP32-S3/DFRobot_BMM150/DFRobot_BMM150.cpp:853:11: warning: unused variable 'rslt' [-Wunused-variable]
   int8_t  rslt;
           ^~~~
.pio/libdeps/EBYTE_ESP32-S3/DFRobot_BMM150/DFRobot_BMM150.cpp: In member function 'void DFRobot_BMM150::setOverflowPin(uint8_t)':
.pio/libdeps/EBYTE_ESP32-S3/DFRobot_BMM150/DFRobot_BMM150.cpp:865:11: warning: unused variable 'rslt' [-Wunused-variable]
   int8_t  rslt;
           ^~~~
.pio/libdeps/EBYTE_ESP32-S3/DFRobot_BMM150/DFRobot_BMM150.cpp: In member function 'bool DFRobot_BMM150::getOverflowState()':
.pio/libdeps/EBYTE_ESP32-S3/DFRobot_BMM150/DFRobot_BMM150.cpp:878:11: warning: unused variable 'rslt' [-Wunused-variable]
   int8_t  rslt;
           ^~~~
Compiling .pio/build/EBYTE_ESP32-S3/lib305/Adafruit LPS2X/Adafruit_LPS22.cpp.o
.pio/libdeps/EBYTE_ESP32-S3/Adafruit TSL2561/Adafruit_TSL2561_U.cpp: In member function 'uint32_t Adafruit_TSL2561_Unified::calculateLux(uint16_t, uint16_t)':
.pio/libdeps/EBYTE_ESP32-S3/Adafruit TSL2561/Adafruit_TSL2561_U.cpp:421:14: warning: comparison of unsigned expression >= 0 is always true [-Wtype-limits]
   if ((ratio >= 0) && (ratio <= TSL2561_LUX_K1T)) {
        ~~~~~~^~~~
Archiving .pio/build/EBYTE_ESP32-S3/libc7b/libAdafruit PCT2075.a
Indexing .pio/build/EBYTE_ESP32-S3/libc7b/libAdafruit PCT2075.a
Compiling .pio/build/EBYTE_ESP32-S3/lib305/Adafruit LPS2X/Adafruit_LPS25.cpp.o
Compiling .pio/build/EBYTE_ESP32-S3/lib305/Adafruit LPS2X/Adafruit_LPS2X.cpp.o
Compiling .pio/build/EBYTE_ESP32-S3/libdc4/Adafruit SHT31 Library/Adafruit_SHT31.cpp.o
Archiving .pio/build/EBYTE_ESP32-S3/lib4cc/libAdafruit TSL2561.a
Archiving .pio/build/EBYTE_ESP32-S3/lib50e/libDFRobot_BMM150.a
Indexing .pio/build/EBYTE_ESP32-S3/lib4cc/libAdafruit TSL2561.a
Indexing .pio/build/EBYTE_ESP32-S3/lib50e/libDFRobot_BMM150.a
Compiling .pio/build/EBYTE_ESP32-S3/lib4fa/Adafruit VEML7700 Library/Adafruit_VEML7700.cpp.o
Compiling .pio/build/EBYTE_ESP32-S3/libc9a/Adafruit SHT4x Library/Adafruit_SHT4x.cpp.o
Archiving .pio/build/EBYTE_ESP32-S3/libeef/libBH1750_WE.a
Indexing .pio/build/EBYTE_ESP32-S3/libeef/libBH1750_WE.a
Compiling .pio/build/EBYTE_ESP32-S3/libca5/SparkFun Qwiic Scale NAU7802 Arduino Library/SparkFun_Qwiic_Scale_NAU7802_Arduino_Library.cpp.o
Archiving .pio/build/EBYTE_ESP32-S3/libe4d/libAdafruit BMP3XX Library.a
Indexing .pio/build/EBYTE_ESP32-S3/libe4d/libAdafruit BMP3XX Library.a
Compiling .pio/build/EBYTE_ESP32-S3/lib95a/ClosedCube OPT3001/ClosedCube_OPT3001.cpp.o
Archiving .pio/build/EBYTE_ESP32-S3/lib9f9/libAdafruit MAX1704X.a
Indexing .pio/build/EBYTE_ESP32-S3/lib9f9/libAdafruit MAX1704X.a
Compiling .pio/build/EBYTE_ESP32-S3/liba96/DFRobot_LarkWeatherStation/DFRobot_LarkWeatherStation.cpp.o
Archiving .pio/build/EBYTE_ESP32-S3/libd3b/libAdafruit SHTC3 Library.a
Indexing .pio/build/EBYTE_ESP32-S3/libd3b/libAdafruit SHTC3 Library.a
Compiling .pio/build/EBYTE_ESP32-S3/lib7be/Sensirion Core/SensirionCrc.cpp.o
Compiling .pio/build/EBYTE_ESP32-S3/lib7be/Sensirion Core/SensirionErrors.cpp.o
Compiling .pio/build/EBYTE_ESP32-S3/lib7be/Sensirion Core/SensirionI2CCommunication.cpp.o
Archiving .pio/build/EBYTE_ESP32-S3/lib305/libAdafruit LPS2X.a
Archiving .pio/build/EBYTE_ESP32-S3/libdc4/libAdafruit SHT31 Library.a
Indexing .pio/build/EBYTE_ESP32-S3/lib305/libAdafruit LPS2X.a
Indexing .pio/build/EBYTE_ESP32-S3/libdc4/libAdafruit SHT31 Library.a
Compiling .pio/build/EBYTE_ESP32-S3/lib7be/Sensirion Core/SensirionI2CTxFrame.cpp.o
Compiling .pio/build/EBYTE_ESP32-S3/lib7be/Sensirion Core/SensirionRxFrame.cpp.o
Compiling .pio/build/EBYTE_ESP32-S3/lib7be/Sensirion Core/SensirionShdlcCommunication.cpp.o
Compiling .pio/build/EBYTE_ESP32-S3/lib7be/Sensirion Core/SensirionShdlcTxFrame.cpp.o
Compiling .pio/build/EBYTE_ESP32-S3/liba94/Sensirion I2C SCD4x/SensirionI2cScd4x.cpp.o
Compiling .pio/build/EBYTE_ESP32-S3/lib982/Sensirion I2C SFA3x/SensirionI2cSfa3x.cpp.o
Archiving .pio/build/EBYTE_ESP32-S3/lib4fa/libAdafruit VEML7700 Library.a
Archiving .pio/build/EBYTE_ESP32-S3/libc9a/libAdafruit SHT4x Library.a
Indexing .pio/build/EBYTE_ESP32-S3/lib4fa/libAdafruit VEML7700 Library.a
Indexing .pio/build/EBYTE_ESP32-S3/libc9a/libAdafruit SHT4x Library.a
Compiling .pio/build/EBYTE_ESP32-S3/lib699/Sensirion I2C SCD30/SensirionI2cScd30.cpp.o
.pio/libdeps/EBYTE_ESP32-S3/ClosedCube OPT3001/src/ClosedCube_OPT3001.cpp: In member function 'OPT3001_ErrorCode ClosedCube_OPT3001::begin(uint8_t)':
.pio/libdeps/EBYTE_ESP32-S3/ClosedCube OPT3001/src/ClosedCube_OPT3001.cpp:39:20: warning: unused variable 'error' [-Wunused-variable]
  OPT3001_ErrorCode error = NO_ERROR;
                    ^~~~~
Compiling .pio/build/EBYTE_ESP32-S3/lib6d6/arduino-sht/SHTSensor.cpp.o
Archiving .pio/build/EBYTE_ESP32-S3/libca5/libSparkFun Qwiic Scale NAU7802 Arduino Library.a
Compiling .pio/build/EBYTE_ESP32-S3/lib9c9/BME68x Sensor library/bme68x/bme68x.c.o
Indexing .pio/build/EBYTE_ESP32-S3/libca5/libSparkFun Qwiic Scale NAU7802 Arduino Library.a
Compiling .pio/build/EBYTE_ESP32-S3/lib9c9/BME68x Sensor library/bme68xLibrary.cpp.o
Archiving .pio/build/EBYTE_ESP32-S3/lib95a/libClosedCube OPT3001.a
Indexing .pio/build/EBYTE_ESP32-S3/lib95a/libClosedCube OPT3001.a
Compiling .pio/build/EBYTE_ESP32-S3/libd31/bsec2/bsec2.cpp.o
Compiling .pio/build/EBYTE_ESP32-S3/libd31/bsec2/commMux/commMux.cpp.o
Compiling .pio/build/EBYTE_ESP32-S3/lib4c5/RadioLib/Hal.cpp.o
Archiving .pio/build/EBYTE_ESP32-S3/lib7be/libSensirion Core.a
Archiving .pio/build/EBYTE_ESP32-S3/liba96/libDFRobot_LarkWeatherStation.a
Indexing .pio/build/EBYTE_ESP32-S3/liba96/libDFRobot_LarkWeatherStation.a
Indexing .pio/build/EBYTE_ESP32-S3/lib7be/libSensirion Core.a
Compiling .pio/build/EBYTE_ESP32-S3/lib4c5/RadioLib/Module.cpp.o
Compiling .pio/build/EBYTE_ESP32-S3/lib4c5/RadioLib/hal/Arduino/ArduinoHal.cpp.o
Compiling .pio/build/EBYTE_ESP32-S3/lib4c5/RadioLib/hal/RPiPico/PicoHal.cpp.o
Archiving .pio/build/EBYTE_ESP32-S3/liba94/libSensirion I2C SCD4x.a
Compiling .pio/build/EBYTE_ESP32-S3/lib4c5/RadioLib/modules/CC1101/CC1101.cpp.o
Indexing .pio/build/EBYTE_ESP32-S3/liba94/libSensirion I2C SCD4x.a
Compiling .pio/build/EBYTE_ESP32-S3/lib4c5/RadioLib/modules/LLCC68/LLCC68.cpp.o
Archiving .pio/build/EBYTE_ESP32-S3/lib982/libSensirion I2C SFA3x.a
Compiling .pio/build/EBYTE_ESP32-S3/lib4c5/RadioLib/modules/LR11x0/LR1110.cpp.o
Indexing .pio/build/EBYTE_ESP32-S3/lib982/libSensirion I2C SFA3x.a
Compiling .pio/build/EBYTE_ESP32-S3/lib4c5/RadioLib/modules/LR11x0/LR1120.cpp.o
Compiling .pio/build/EBYTE_ESP32-S3/lib4c5/RadioLib/modules/LR11x0/LR1121.cpp.o
Compiling .pio/build/EBYTE_ESP32-S3/lib4c5/RadioLib/modules/LR11x0/LR11x0.cpp.o
Compiling .pio/build/EBYTE_ESP32-S3/lib4c5/RadioLib/modules/LR11x0/LR11x0_commands.cpp.o
Compiling .pio/build/EBYTE_ESP32-S3/lib4c5/RadioLib/modules/LR11x0/LR11x0_crypto.cpp.o
Archiving .pio/build/EBYTE_ESP32-S3/lib699/libSensirion I2C SCD30.a
Indexing .pio/build/EBYTE_ESP32-S3/lib699/libSensirion I2C SCD30.a
Compiling .pio/build/EBYTE_ESP32-S3/lib4c5/RadioLib/modules/LR11x0/LR11x0_gnss.cpp.o
Compiling .pio/build/EBYTE_ESP32-S3/lib4c5/RadioLib/modules/LR11x0/LR11x0_wifi.cpp.o
Archiving .pio/build/EBYTE_ESP32-S3/lib6d6/libarduino-sht.a
Indexing .pio/build/EBYTE_ESP32-S3/lib6d6/libarduino-sht.a
Compiling .pio/build/EBYTE_ESP32-S3/lib4c5/RadioLib/modules/LR11x0/LR_common.cpp.o
Archiving .pio/build/EBYTE_ESP32-S3/lib9c9/libBME68x Sensor library.a
Indexing .pio/build/EBYTE_ESP32-S3/lib9c9/libBME68x Sensor library.a
Compiling .pio/build/EBYTE_ESP32-S3/lib4c5/RadioLib/modules/LR2021/LR2021.cpp.o
Compiling .pio/build/EBYTE_ESP32-S3/lib4c5/RadioLib/modules/LR2021/LR2021_cmds_chip_control.cpp.o
Archiving .pio/build/EBYTE_ESP32-S3/libd31/libbsec2.a
Indexing .pio/build/EBYTE_ESP32-S3/libd31/libbsec2.a
Compiling .pio/build/EBYTE_ESP32-S3/lib4c5/RadioLib/modules/LR2021/LR2021_cmds_flrc.cpp.o
Compiling .pio/build/EBYTE_ESP32-S3/lib4c5/RadioLib/modules/LR2021/LR2021_cmds_gfsk.cpp.o
Compiling .pio/build/EBYTE_ESP32-S3/lib4c5/RadioLib/modules/LR2021/LR2021_cmds_lora.cpp.o
Compiling .pio/build/EBYTE_ESP32-S3/lib4c5/RadioLib/modules/LR2021/LR2021_cmds_misc.cpp.o
Compiling .pio/build/EBYTE_ESP32-S3/lib4c5/RadioLib/modules/LR2021/LR2021_cmds_ook.cpp.o
Compiling .pio/build/EBYTE_ESP32-S3/lib4c5/RadioLib/modules/LR2021/LR2021_cmds_oqpsk.cpp.o
Compiling .pio/build/EBYTE_ESP32-S3/lib4c5/RadioLib/modules/LR2021/LR2021_cmds_radio.cpp.o
Compiling .pio/build/EBYTE_ESP32-S3/lib4c5/RadioLib/modules/LR2021/LR2021_cmds_ranging.cpp.o
Compiling .pio/build/EBYTE_ESP32-S3/lib4c5/RadioLib/modules/LR2021/LR2021_config.cpp.o
Compiling .pio/build/EBYTE_ESP32-S3/lib4c5/RadioLib/modules/RF69/RF69.cpp.o
Compiling .pio/build/EBYTE_ESP32-S3/lib4c5/RadioLib/modules/SX123x/SX1231.cpp.o
Compiling .pio/build/EBYTE_ESP32-S3/lib4c5/RadioLib/modules/SX123x/SX1233.cpp.o
Compiling .pio/build/EBYTE_ESP32-S3/lib4c5/RadioLib/modules/SX126x/STM32WLx.cpp.o
Compiling .pio/build/EBYTE_ESP32-S3/lib4c5/RadioLib/modules/SX126x/STM32WLx_Module.cpp.o
Compiling .pio/build/EBYTE_ESP32-S3/lib4c5/RadioLib/modules/SX126x/SX1261.cpp.o
Compiling .pio/build/EBYTE_ESP32-S3/lib4c5/RadioLib/modules/SX126x/SX1262.cpp.o
Compiling .pio/build/EBYTE_ESP32-S3/lib4c5/RadioLib/modules/SX126x/SX1268.cpp.o
Compiling .pio/build/EBYTE_ESP32-S3/lib4c5/RadioLib/modules/SX126x/SX126x.cpp.o
Compiling .pio/build/EBYTE_ESP32-S3/lib4c5/RadioLib/modules/SX126x/SX126x_LR_FHSS.cpp.o
Compiling .pio/build/EBYTE_ESP32-S3/lib4c5/RadioLib/modules/SX126x/SX126x_commands.cpp.o
Compiling .pio/build/EBYTE_ESP32-S3/lib4c5/RadioLib/modules/SX126x/SX126x_config.cpp.o
Compiling .pio/build/EBYTE_ESP32-S3/lib4c5/RadioLib/modules/SX127x/SX1272.cpp.o
Compiling .pio/build/EBYTE_ESP32-S3/lib4c5/RadioLib/modules/SX127x/SX1273.cpp.o
Compiling .pio/build/EBYTE_ESP32-S3/lib4c5/RadioLib/modules/SX127x/SX1276.cpp.o
Compiling .pio/build/EBYTE_ESP32-S3/lib4c5/RadioLib/modules/SX127x/SX1277.cpp.o
Compiling .pio/build/EBYTE_ESP32-S3/lib4c5/RadioLib/modules/SX127x/SX1278.cpp.o
Compiling .pio/build/EBYTE_ESP32-S3/lib4c5/RadioLib/modules/SX127x/SX1279.cpp.o
Compiling .pio/build/EBYTE_ESP32-S3/lib4c5/RadioLib/modules/SX127x/SX127x.cpp.o
Compiling .pio/build/EBYTE_ESP32-S3/lib4c5/RadioLib/modules/SX128x/SX1280.cpp.o
Compiling .pio/build/EBYTE_ESP32-S3/lib4c5/RadioLib/modules/SX128x/SX1281.cpp.o
Compiling .pio/build/EBYTE_ESP32-S3/lib4c5/RadioLib/modules/SX128x/SX1282.cpp.o
Compiling .pio/build/EBYTE_ESP32-S3/lib4c5/RadioLib/modules/SX128x/SX128x.cpp.o
Compiling .pio/build/EBYTE_ESP32-S3/lib4c5/RadioLib/modules/Si443x/Si4430.cpp.o
Compiling .pio/build/EBYTE_ESP32-S3/lib4c5/RadioLib/modules/Si443x/Si4431.cpp.o
Compiling .pio/build/EBYTE_ESP32-S3/lib4c5/RadioLib/modules/Si443x/Si4432.cpp.o
Compiling .pio/build/EBYTE_ESP32-S3/lib4c5/RadioLib/modules/Si443x/Si443x.cpp.o
Compiling .pio/build/EBYTE_ESP32-S3/lib4c5/RadioLib/modules/nRF24/nRF24.cpp.o
Compiling .pio/build/EBYTE_ESP32-S3/lib4c5/RadioLib/protocols/ADSB/ADSB.cpp.o
Compiling .pio/build/EBYTE_ESP32-S3/lib4c5/RadioLib/protocols/AFSK/AFSK.cpp.o
Compiling .pio/build/EBYTE_ESP32-S3/lib4c5/RadioLib/protocols/APRS/APRS.cpp.o
Compiling .pio/build/EBYTE_ESP32-S3/lib4c5/RadioLib/protocols/AX25/AX25.cpp.o
Compiling .pio/build/EBYTE_ESP32-S3/lib4c5/RadioLib/protocols/BellModem/BellModem.cpp.o
Compiling .pio/build/EBYTE_ESP32-S3/lib4c5/RadioLib/protocols/ExternalRadio/ExternalRadio.cpp.o
Compiling .pio/build/EBYTE_ESP32-S3/lib4c5/RadioLib/protocols/FSK4/FSK4.cpp.o
Compiling .pio/build/EBYTE_ESP32-S3/lib4c5/RadioLib/protocols/Hellschreiber/Hellschreiber.cpp.o
Compiling .pio/build/EBYTE_ESP32-S3/lib4c5/RadioLib/protocols/LoRaWAN/LoRaWAN.cpp.o
Compiling .pio/build/EBYTE_ESP32-S3/lib4c5/RadioLib/protocols/LoRaWAN/LoRaWANBands.cpp.o
Compiling .pio/build/EBYTE_ESP32-S3/lib4c5/RadioLib/protocols/Morse/Morse.cpp.o
Compiling .pio/build/EBYTE_ESP32-S3/lib4c5/RadioLib/protocols/Pager/Pager.cpp.o
Compiling .pio/build/EBYTE_ESP32-S3/lib4c5/RadioLib/protocols/PhysicalLayer/PhysicalLayer.cpp.o
Compiling .pio/build/EBYTE_ESP32-S3/lib4c5/RadioLib/protocols/Print/ITA2String.cpp.o
Compiling .pio/build/EBYTE_ESP32-S3/lib4c5/RadioLib/protocols/Print/Print.cpp.o
Compiling .pio/build/EBYTE_ESP32-S3/lib4c5/RadioLib/protocols/RTTY/RTTY.cpp.o
Compiling .pio/build/EBYTE_ESP32-S3/lib4c5/RadioLib/protocols/SSTV/SSTV.cpp.o
Compiling .pio/build/EBYTE_ESP32-S3/lib4c5/RadioLib/utils/CRC.cpp.o
Compiling .pio/build/EBYTE_ESP32-S3/lib4c5/RadioLib/utils/Cryptography.cpp.o
Compiling .pio/build/EBYTE_ESP32-S3/lib4c5/RadioLib/utils/FEC.cpp.o
Compiling .pio/build/EBYTE_ESP32-S3/lib4c5/RadioLib/utils/Utils.cpp.o
Compiling .pio/build/EBYTE_ESP32-S3/libe16/esp32_https_server/ConnectionContext.cpp.o
Compiling .pio/build/EBYTE_ESP32-S3/libe16/esp32_https_server/HTTPConnection.cpp.o
Compiling .pio/build/EBYTE_ESP32-S3/libe16/esp32_https_server/HTTPHeader.cpp.o
Compiling .pio/build/EBYTE_ESP32-S3/libe16/esp32_https_server/HTTPHeaders.cpp.o
Compiling .pio/build/EBYTE_ESP32-S3/libe16/esp32_https_server/HTTPMultipartBodyParser.cpp.o
Compiling .pio/build/EBYTE_ESP32-S3/libe16/esp32_https_server/HTTPNode.cpp.o
Compiling .pio/build/EBYTE_ESP32-S3/libe16/esp32_https_server/HTTPRequest.cpp.o
Compiling .pio/build/EBYTE_ESP32-S3/libe16/esp32_https_server/HTTPResponse.cpp.o
Compiling .pio/build/EBYTE_ESP32-S3/libe16/esp32_https_server/HTTPSConnection.cpp.o
Compiling .pio/build/EBYTE_ESP32-S3/libe16/esp32_https_server/HTTPSServer.cpp.o
Compiling .pio/build/EBYTE_ESP32-S3/libe16/esp32_https_server/HTTPServer.cpp.o
Compiling .pio/build/EBYTE_ESP32-S3/libe16/esp32_https_server/HTTPURLEncodedBodyParser.cpp.o
Compiling .pio/build/EBYTE_ESP32-S3/libe16/esp32_https_server/HTTPValidator.cpp.o
Compiling .pio/build/EBYTE_ESP32-S3/libe16/esp32_https_server/ResolvedResource.cpp.o
Compiling .pio/build/EBYTE_ESP32-S3/libe16/esp32_https_server/ResourceNode.cpp.o
Archiving .pio/build/EBYTE_ESP32-S3/lib4c5/libRadioLib.a
Compiling .pio/build/EBYTE_ESP32-S3/libe16/esp32_https_server/ResourceParameters.cpp.o
Indexing .pio/build/EBYTE_ESP32-S3/lib4c5/libRadioLib.a
Compiling .pio/build/EBYTE_ESP32-S3/libe16/esp32_https_server/ResourceResolver.cpp.o
Compiling .pio/build/EBYTE_ESP32-S3/libe16/esp32_https_server/SSLCert.cpp.o
Compiling .pio/build/EBYTE_ESP32-S3/libe16/esp32_https_server/ValidatorFunctions.cpp.o
Compiling .pio/build/EBYTE_ESP32-S3/libe16/esp32_https_server/WebsocketHandler.cpp.o
Compiling .pio/build/EBYTE_ESP32-S3/libe16/esp32_https_server/WebsocketInputStreambuf.cpp.o
Compiling .pio/build/EBYTE_ESP32-S3/libe16/esp32_https_server/WebsocketNode.cpp.o
Compiling .pio/build/EBYTE_ESP32-S3/libe16/esp32_https_server/util.cpp.o
Compiling .pio/build/EBYTE_ESP32-S3/lib05b/NimBLE-Arduino/NimBLE2904.cpp.o
Compiling .pio/build/EBYTE_ESP32-S3/lib05b/NimBLE-Arduino/NimBLEAddress.cpp.o
Compiling .pio/build/EBYTE_ESP32-S3/lib05b/NimBLE-Arduino/NimBLEAdvertisedDevice.cpp.o
Compiling .pio/build/EBYTE_ESP32-S3/lib05b/NimBLE-Arduino/NimBLEAdvertising.cpp.o
Compiling .pio/build/EBYTE_ESP32-S3/lib05b/NimBLE-Arduino/NimBLEBeacon.cpp.o
Compiling .pio/build/EBYTE_ESP32-S3/lib05b/NimBLE-Arduino/NimBLECharacteristic.cpp.o
Compiling .pio/build/EBYTE_ESP32-S3/lib05b/NimBLE-Arduino/NimBLEClient.cpp.o
Compiling .pio/build/EBYTE_ESP32-S3/lib05b/NimBLE-Arduino/NimBLEDescriptor.cpp.o
Compiling .pio/build/EBYTE_ESP32-S3/lib05b/NimBLE-Arduino/NimBLEDevice.cpp.o
Compiling .pio/build/EBYTE_ESP32-S3/lib05b/NimBLE-Arduino/NimBLEEddystoneTLM.cpp.o
Compiling .pio/build/EBYTE_ESP32-S3/lib05b/NimBLE-Arduino/NimBLEEddystoneURL.cpp.o
Compiling .pio/build/EBYTE_ESP32-S3/lib05b/NimBLE-Arduino/NimBLEExtAdvertising.cpp.o
Compiling .pio/build/EBYTE_ESP32-S3/lib05b/NimBLE-Arduino/NimBLEHIDDevice.cpp.o
Compiling .pio/build/EBYTE_ESP32-S3/lib05b/NimBLE-Arduino/NimBLERemoteCharacteristic.cpp.o
Compiling .pio/build/EBYTE_ESP32-S3/lib05b/NimBLE-Arduino/NimBLERemoteDescriptor.cpp.o
Compiling .pio/build/EBYTE_ESP32-S3/lib05b/NimBLE-Arduino/NimBLERemoteService.cpp.o
Compiling .pio/build/EBYTE_ESP32-S3/lib05b/NimBLE-Arduino/NimBLEScan.cpp.o
Compiling .pio/build/EBYTE_ESP32-S3/lib05b/NimBLE-Arduino/NimBLESecurity.cpp.o
Compiling .pio/build/EBYTE_ESP32-S3/lib05b/NimBLE-Arduino/NimBLEServer.cpp.o
Compiling .pio/build/EBYTE_ESP32-S3/lib05b/NimBLE-Arduino/NimBLEService.cpp.o
Archiving .pio/build/EBYTE_ESP32-S3/libe16/libesp32_https_server.a
Indexing .pio/build/EBYTE_ESP32-S3/libe16/libesp32_https_server.a
Compiling .pio/build/EBYTE_ESP32-S3/lib05b/NimBLE-Arduino/NimBLEUUID.cpp.o
Compiling .pio/build/EBYTE_ESP32-S3/lib05b/NimBLE-Arduino/NimBLEUtils.cpp.o
Compiling .pio/build/EBYTE_ESP32-S3/lib05b/NimBLE-Arduino/nimble/esp_port/esp-hci/src/esp_nimble_hci.c.o
Compiling .pio/build/EBYTE_ESP32-S3/lib05b/NimBLE-Arduino/nimble/esp_port/port/src/esp_nimble_mem.c.o
Compiling .pio/build/EBYTE_ESP32-S3/lib05b/NimBLE-Arduino/nimble/ext/tinycrypt/src/aes_decrypt.c.o
Compiling .pio/build/EBYTE_ESP32-S3/lib05b/NimBLE-Arduino/nimble/ext/tinycrypt/src/aes_encrypt.c.o
Compiling .pio/build/EBYTE_ESP32-S3/lib05b/NimBLE-Arduino/nimble/ext/tinycrypt/src/cbc_mode.c.o
Compiling .pio/build/EBYTE_ESP32-S3/lib05b/NimBLE-Arduino/nimble/ext/tinycrypt/src/ccm_mode.c.o
Compiling .pio/build/EBYTE_ESP32-S3/lib05b/NimBLE-Arduino/nimble/ext/tinycrypt/src/cmac_mode.c.o
Compiling .pio/build/EBYTE_ESP32-S3/lib05b/NimBLE-Arduino/nimble/ext/tinycrypt/src/ctr_mode.c.o
Compiling .pio/build/EBYTE_ESP32-S3/lib05b/NimBLE-Arduino/nimble/ext/tinycrypt/src/ctr_prng.c.o
Compiling .pio/build/EBYTE_ESP32-S3/lib05b/NimBLE-Arduino/nimble/ext/tinycrypt/src/ecc.c.o
Compiling .pio/build/EBYTE_ESP32-S3/lib05b/NimBLE-Arduino/nimble/ext/tinycrypt/src/ecc_dh.c.o
Compiling .pio/build/EBYTE_ESP32-S3/lib05b/NimBLE-Arduino/nimble/ext/tinycrypt/src/ecc_dsa.c.o
Compiling .pio/build/EBYTE_ESP32-S3/lib05b/NimBLE-Arduino/nimble/ext/tinycrypt/src/ecc_platform_specific.c.o
Compiling .pio/build/EBYTE_ESP32-S3/lib05b/NimBLE-Arduino/nimble/ext/tinycrypt/src/hmac.c.o
Compiling .pio/build/EBYTE_ESP32-S3/lib05b/NimBLE-Arduino/nimble/ext/tinycrypt/src/hmac_prng.c.o
Compiling .pio/build/EBYTE_ESP32-S3/lib05b/NimBLE-Arduino/nimble/ext/tinycrypt/src/sha256.c.o
Compiling .pio/build/EBYTE_ESP32-S3/lib05b/NimBLE-Arduino/nimble/ext/tinycrypt/src/utils.c.o
Compiling .pio/build/EBYTE_ESP32-S3/lib05b/NimBLE-Arduino/nimble/nimble/controller/src/ble_ll.c.o
Compiling .pio/build/EBYTE_ESP32-S3/lib05b/NimBLE-Arduino/nimble/nimble/controller/src/ble_ll_adv.c.o
Compiling .pio/build/EBYTE_ESP32-S3/lib05b/NimBLE-Arduino/nimble/nimble/controller/src/ble_ll_conn.c.o
Compiling .pio/build/EBYTE_ESP32-S3/lib05b/NimBLE-Arduino/nimble/nimble/controller/src/ble_ll_conn_hci.c.o
Compiling .pio/build/EBYTE_ESP32-S3/lib05b/NimBLE-Arduino/nimble/nimble/controller/src/ble_ll_ctrl.c.o
Compiling .pio/build/EBYTE_ESP32-S3/lib05b/NimBLE-Arduino/nimble/nimble/controller/src/ble_ll_dtm.c.o
Compiling .pio/build/EBYTE_ESP32-S3/lib05b/NimBLE-Arduino/nimble/nimble/controller/src/ble_ll_hci.c.o
Compiling .pio/build/EBYTE_ESP32-S3/lib05b/NimBLE-Arduino/nimble/nimble/controller/src/ble_ll_hci_ev.c.o
Compiling .pio/build/EBYTE_ESP32-S3/lib05b/NimBLE-Arduino/nimble/nimble/controller/src/ble_ll_iso.c.o
Compiling .pio/build/EBYTE_ESP32-S3/lib05b/NimBLE-Arduino/nimble/nimble/controller/src/ble_ll_rand.c.o
Compiling .pio/build/EBYTE_ESP32-S3/lib05b/NimBLE-Arduino/nimble/nimble/controller/src/ble_ll_resolv.c.o
Compiling .pio/build/EBYTE_ESP32-S3/lib05b/NimBLE-Arduino/nimble/nimble/controller/src/ble_ll_rfmgmt.c.o
Compiling .pio/build/EBYTE_ESP32-S3/lib05b/NimBLE-Arduino/nimble/nimble/controller/src/ble_ll_scan.c.o
Compiling .pio/build/EBYTE_ESP32-S3/lib05b/NimBLE-Arduino/nimble/nimble/controller/src/ble_ll_sched.c.o
Compiling .pio/build/EBYTE_ESP32-S3/lib05b/NimBLE-Arduino/nimble/nimble/controller/src/ble_ll_supp_cmd.c.o
Compiling .pio/build/EBYTE_ESP32-S3/lib05b/NimBLE-Arduino/nimble/nimble/controller/src/ble_ll_sync.c.o
Compiling .pio/build/EBYTE_ESP32-S3/lib05b/NimBLE-Arduino/nimble/nimble/controller/src/ble_ll_trace.c.o
Compiling .pio/build/EBYTE_ESP32-S3/lib05b/NimBLE-Arduino/nimble/nimble/controller/src/ble_ll_utils.c.o
Compiling .pio/build/EBYTE_ESP32-S3/lib05b/NimBLE-Arduino/nimble/nimble/controller/src/ble_ll_whitelist.c.o
Compiling .pio/build/EBYTE_ESP32-S3/lib05b/NimBLE-Arduino/nimble/nimble/drivers/nrf51/src/ble_hw.c.o
Compiling .pio/build/EBYTE_ESP32-S3/lib05b/NimBLE-Arduino/nimble/nimble/drivers/nrf51/src/ble_phy.c.o
Compiling .pio/build/EBYTE_ESP32-S3/lib05b/NimBLE-Arduino/nimble/nimble/drivers/nrf52/src/ble_hw.c.o
Compiling .pio/build/EBYTE_ESP32-S3/lib05b/NimBLE-Arduino/nimble/nimble/drivers/nrf52/src/ble_phy.c.o
Compiling .pio/build/EBYTE_ESP32-S3/lib05b/NimBLE-Arduino/nimble/nimble/drivers/nrf52/src/ble_phy_trace.c.o
Compiling .pio/build/EBYTE_ESP32-S3/lib05b/NimBLE-Arduino/nimble/nimble/host/mesh/src/access.c.o
Compiling .pio/build/EBYTE_ESP32-S3/lib05b/NimBLE-Arduino/nimble/nimble/host/mesh/src/adv.c.o
Compiling .pio/build/EBYTE_ESP32-S3/lib05b/NimBLE-Arduino/nimble/nimble/host/mesh/src/aes-ccm.c.o
Compiling .pio/build/EBYTE_ESP32-S3/lib05b/NimBLE-Arduino/nimble/nimble/host/mesh/src/app_keys.c.o
Compiling .pio/build/EBYTE_ESP32-S3/lib05b/NimBLE-Arduino/nimble/nimble/host/mesh/src/beacon.c.o
Compiling .pio/build/EBYTE_ESP32-S3/lib05b/NimBLE-Arduino/nimble/nimble/host/mesh/src/cdb.c.o
Compiling .pio/build/EBYTE_ESP32-S3/lib05b/NimBLE-Arduino/nimble/nimble/host/mesh/src/cfg.c.o
Compiling .pio/build/EBYTE_ESP32-S3/lib05b/NimBLE-Arduino/nimble/nimble/host/mesh/src/cfg_cli.c.o
Compiling .pio/build/EBYTE_ESP32-S3/lib05b/NimBLE-Arduino/nimble/nimble/host/mesh/src/cfg_srv.c.o
Compiling .pio/build/EBYTE_ESP32-S3/lib05b/NimBLE-Arduino/nimble/nimble/host/mesh/src/crypto.c.o
Compiling .pio/build/EBYTE_ESP32-S3/lib05b/NimBLE-Arduino/nimble/nimble/host/mesh/src/friend.c.o
Compiling .pio/build/EBYTE_ESP32-S3/lib05b/NimBLE-Arduino/nimble/nimble/host/mesh/src/glue.c.o
Compiling .pio/build/EBYTE_ESP32-S3/lib05b/NimBLE-Arduino/nimble/nimble/host/mesh/src/health_cli.c.o
Compiling .pio/build/EBYTE_ESP32-S3/lib05b/NimBLE-Arduino/nimble/nimble/host/mesh/src/health_srv.c.o
Compiling .pio/build/EBYTE_ESP32-S3/lib05b/NimBLE-Arduino/nimble/nimble/host/mesh/src/heartbeat.c.o
Compiling .pio/build/EBYTE_ESP32-S3/lib05b/NimBLE-Arduino/nimble/nimble/host/mesh/src/light_model.c.o
Compiling .pio/build/EBYTE_ESP32-S3/lib05b/NimBLE-Arduino/nimble/nimble/host/mesh/src/lpn.c.o
Compiling .pio/build/EBYTE_ESP32-S3/lib05b/NimBLE-Arduino/nimble/nimble/host/mesh/src/mesh.c.o
Compiling .pio/build/EBYTE_ESP32-S3/lib05b/NimBLE-Arduino/nimble/nimble/host/mesh/src/model_cli.c.o
Compiling .pio/build/EBYTE_ESP32-S3/lib05b/NimBLE-Arduino/nimble/nimble/host/mesh/src/model_srv.c.o
Compiling .pio/build/EBYTE_ESP32-S3/lib05b/NimBLE-Arduino/nimble/nimble/host/mesh/src/net.c.o
Compiling .pio/build/EBYTE_ESP32-S3/lib05b/NimBLE-Arduino/nimble/nimble/host/mesh/src/nodes.c.o
Compiling .pio/build/EBYTE_ESP32-S3/lib05b/NimBLE-Arduino/nimble/nimble/host/mesh/src/pb_adv.c.o
Compiling .pio/build/EBYTE_ESP32-S3/lib05b/NimBLE-Arduino/nimble/nimble/host/mesh/src/pb_gatt.c.o
Compiling .pio/build/EBYTE_ESP32-S3/lib05b/NimBLE-Arduino/nimble/nimble/host/mesh/src/prov.c.o
Compiling .pio/build/EBYTE_ESP32-S3/lib05b/NimBLE-Arduino/nimble/nimble/host/mesh/src/prov_device.c.o
Compiling .pio/build/EBYTE_ESP32-S3/lib05b/NimBLE-Arduino/nimble/nimble/host/mesh/src/provisioner.c.o
Compiling .pio/build/EBYTE_ESP32-S3/lib05b/NimBLE-Arduino/nimble/nimble/host/mesh/src/proxy.c.o
Compiling .pio/build/EBYTE_ESP32-S3/lib05b/NimBLE-Arduino/nimble/nimble/host/mesh/src/rpl.c.o
Compiling .pio/build/EBYTE_ESP32-S3/lib05b/NimBLE-Arduino/nimble/nimble/host/mesh/src/settings.c.o
Compiling .pio/build/EBYTE_ESP32-S3/lib05b/NimBLE-Arduino/nimble/nimble/host/mesh/src/shell.c.o
Compiling .pio/build/EBYTE_ESP32-S3/lib05b/NimBLE-Arduino/nimble/nimble/host/mesh/src/subnet.c.o
Compiling .pio/build/EBYTE_ESP32-S3/lib05b/NimBLE-Arduino/nimble/nimble/host/mesh/src/transport.c.o
Compiling .pio/build/EBYTE_ESP32-S3/lib05b/NimBLE-Arduino/nimble/nimble/host/services/ans/src/ble_svc_ans.c.o
Compiling .pio/build/EBYTE_ESP32-S3/lib05b/NimBLE-Arduino/nimble/nimble/host/services/bas/src/ble_svc_bas.c.o
Compiling .pio/build/EBYTE_ESP32-S3/lib05b/NimBLE-Arduino/nimble/nimble/host/services/dis/src/ble_svc_dis.c.o
Compiling .pio/build/EBYTE_ESP32-S3/lib05b/NimBLE-Arduino/nimble/nimble/host/services/gap/src/ble_svc_gap.c.o
Compiling .pio/build/EBYTE_ESP32-S3/lib05b/NimBLE-Arduino/nimble/nimble/host/services/gatt/src/ble_svc_gatt.c.o
Compiling .pio/build/EBYTE_ESP32-S3/lib05b/NimBLE-Arduino/nimble/nimble/host/services/ias/src/ble_svc_ias.c.o
Compiling .pio/build/EBYTE_ESP32-S3/lib05b/NimBLE-Arduino/nimble/nimble/host/services/ipss/src/ble_svc_ipss.c.o
Compiling .pio/build/EBYTE_ESP32-S3/lib05b/NimBLE-Arduino/nimble/nimble/host/services/lls/src/ble_svc_lls.c.o
Compiling .pio/build/EBYTE_ESP32-S3/lib05b/NimBLE-Arduino/nimble/nimble/host/src/ble_att.c.o
Compiling .pio/build/EBYTE_ESP32-S3/lib05b/NimBLE-Arduino/nimble/nimble/host/src/ble_att_clt.c.o
Compiling .pio/build/EBYTE_ESP32-S3/lib05b/NimBLE-Arduino/nimble/nimble/host/src/ble_att_cmd.c.o
Compiling .pio/build/EBYTE_ESP32-S3/lib05b/NimBLE-Arduino/nimble/nimble/host/src/ble_att_svr.c.o
Compiling .pio/build/EBYTE_ESP32-S3/lib05b/NimBLE-Arduino/nimble/nimble/host/src/ble_eddystone.c.o
Compiling .pio/build/EBYTE_ESP32-S3/lib05b/NimBLE-Arduino/nimble/nimble/host/src/ble_gap.c.o
Compiling .pio/build/EBYTE_ESP32-S3/lib05b/NimBLE-Arduino/nimble/nimble/host/src/ble_gattc.c.o
Compiling .pio/build/EBYTE_ESP32-S3/lib05b/NimBLE-Arduino/nimble/nimble/host/src/ble_gatts.c.o
Compiling .pio/build/EBYTE_ESP32-S3/lib05b/NimBLE-Arduino/nimble/nimble/host/src/ble_gatts_lcl.c.o
Compiling .pio/build/EBYTE_ESP32-S3/lib05b/NimBLE-Arduino/nimble/nimble/host/src/ble_hs.c.o
Compiling .pio/build/EBYTE_ESP32-S3/lib05b/NimBLE-Arduino/nimble/nimble/host/src/ble_hs_adv.c.o
Compiling .pio/build/EBYTE_ESP32-S3/lib05b/NimBLE-Arduino/nimble/nimble/host/src/ble_hs_atomic.c.o
Compiling .pio/build/EBYTE_ESP32-S3/lib05b/NimBLE-Arduino/nimble/nimble/host/src/ble_hs_cfg.c.o
Compiling .pio/build/EBYTE_ESP32-S3/lib05b/NimBLE-Arduino/nimble/nimble/host/src/ble_hs_conn.c.o
Compiling .pio/build/EBYTE_ESP32-S3/lib05b/NimBLE-Arduino/nimble/nimble/host/src/ble_hs_flow.c.o
Compiling .pio/build/EBYTE_ESP32-S3/lib05b/NimBLE-Arduino/nimble/nimble/host/src/ble_hs_hci.c.o
Compiling .pio/build/EBYTE_ESP32-S3/lib05b/NimBLE-Arduino/nimble/nimble/host/src/ble_hs_hci_cmd.c.o
Compiling .pio/build/EBYTE_ESP32-S3/lib05b/NimBLE-Arduino/nimble/nimble/host/src/ble_hs_hci_evt.c.o
Compiling .pio/build/EBYTE_ESP32-S3/lib05b/NimBLE-Arduino/nimble/nimble/host/src/ble_hs_hci_util.c.o
Compiling .pio/build/EBYTE_ESP32-S3/lib05b/NimBLE-Arduino/nimble/nimble/host/src/ble_hs_id.c.o
Compiling .pio/build/EBYTE_ESP32-S3/lib05b/NimBLE-Arduino/nimble/nimble/host/src/ble_hs_log.c.o
Compiling .pio/build/EBYTE_ESP32-S3/lib05b/NimBLE-Arduino/nimble/nimble/host/src/ble_hs_mbuf.c.o
Compiling .pio/build/EBYTE_ESP32-S3/lib05b/NimBLE-Arduino/nimble/nimble/host/src/ble_hs_misc.c.o
Compiling .pio/build/EBYTE_ESP32-S3/lib05b/NimBLE-Arduino/nimble/nimble/host/src/ble_hs_mqueue.c.o
Compiling .pio/build/EBYTE_ESP32-S3/lib05b/NimBLE-Arduino/nimble/nimble/host/src/ble_hs_periodic_sync.c.o
Compiling .pio/build/EBYTE_ESP32-S3/lib05b/NimBLE-Arduino/nimble/nimble/host/src/ble_hs_pvcy.c.o
Compiling .pio/build/EBYTE_ESP32-S3/lib05b/NimBLE-Arduino/nimble/nimble/host/src/ble_hs_resolv.c.o
Compiling .pio/build/EBYTE_ESP32-S3/lib05b/NimBLE-Arduino/nimble/nimble/host/src/ble_hs_shutdown.c.o
Compiling .pio/build/EBYTE_ESP32-S3/lib05b/NimBLE-Arduino/nimble/nimble/host/src/ble_hs_startup.c.o
Compiling .pio/build/EBYTE_ESP32-S3/lib05b/NimBLE-Arduino/nimble/nimble/host/src/ble_hs_stop.c.o
Compiling .pio/build/EBYTE_ESP32-S3/lib05b/NimBLE-Arduino/nimble/nimble/host/src/ble_ibeacon.c.o
Compiling .pio/build/EBYTE_ESP32-S3/lib05b/NimBLE-Arduino/nimble/nimble/host/src/ble_l2cap.c.o
Compiling .pio/build/EBYTE_ESP32-S3/lib05b/NimBLE-Arduino/nimble/nimble/host/src/ble_l2cap_coc.c.o
Compiling .pio/build/EBYTE_ESP32-S3/lib05b/NimBLE-Arduino/nimble/nimble/host/src/ble_l2cap_sig.c.o
Compiling .pio/build/EBYTE_ESP32-S3/lib05b/NimBLE-Arduino/nimble/nimble/host/src/ble_l2cap_sig_cmd.c.o
Compiling .pio/build/EBYTE_ESP32-S3/lib05b/NimBLE-Arduino/nimble/nimble/host/src/ble_monitor.c.o
Compiling .pio/build/EBYTE_ESP32-S3/lib05b/NimBLE-Arduino/nimble/nimble/host/src/ble_sm.c.o
Compiling .pio/build/EBYTE_ESP32-S3/lib05b/NimBLE-Arduino/nimble/nimble/host/src/ble_sm_alg.c.o
Compiling .pio/build/EBYTE_ESP32-S3/lib05b/NimBLE-Arduino/nimble/nimble/host/src/ble_sm_cmd.c.o
Compiling .pio/build/EBYTE_ESP32-S3/lib05b/NimBLE-Arduino/nimble/nimble/host/src/ble_sm_lgcy.c.o
Compiling .pio/build/EBYTE_ESP32-S3/lib05b/NimBLE-Arduino/nimble/nimble/host/src/ble_sm_sc.c.o
Compiling .pio/build/EBYTE_ESP32-S3/lib05b/NimBLE-Arduino/nimble/nimble/host/src/ble_store.c.o
Compiling .pio/build/EBYTE_ESP32-S3/lib05b/NimBLE-Arduino/nimble/nimble/host/src/ble_store_util.c.o
Compiling .pio/build/EBYTE_ESP32-S3/lib05b/NimBLE-Arduino/nimble/nimble/host/src/ble_uuid.c.o
Compiling .pio/build/EBYTE_ESP32-S3/lib05b/NimBLE-Arduino/nimble/nimble/host/store/config/src/ble_store_config.c.o
Compiling .pio/build/EBYTE_ESP32-S3/lib05b/NimBLE-Arduino/nimble/nimble/host/store/config/src/ble_store_config_conf.c.o
Compiling .pio/build/EBYTE_ESP32-S3/lib05b/NimBLE-Arduino/nimble/nimble/host/store/config/src/ble_store_nvs.c.o
Compiling .pio/build/EBYTE_ESP32-S3/lib05b/NimBLE-Arduino/nimble/nimble/host/util/src/addr.c.o
Compiling .pio/build/EBYTE_ESP32-S3/lib05b/NimBLE-Arduino/nimble/nimble/transport/ram/src/ble_hci_ram.c.o
Compiling .pio/build/EBYTE_ESP32-S3/lib05b/NimBLE-Arduino/nimble/porting/nimble/src/endian.c.o
Compiling .pio/build/EBYTE_ESP32-S3/lib05b/NimBLE-Arduino/nimble/porting/nimble/src/hal_timer.c.o
Compiling .pio/build/EBYTE_ESP32-S3/lib05b/NimBLE-Arduino/nimble/porting/nimble/src/hal_uart.c.o
Compiling .pio/build/EBYTE_ESP32-S3/lib05b/NimBLE-Arduino/nimble/porting/nimble/src/mem.c.o
Compiling .pio/build/EBYTE_ESP32-S3/lib05b/NimBLE-Arduino/nimble/porting/nimble/src/nimble_port.c.o
Compiling .pio/build/EBYTE_ESP32-S3/lib05b/NimBLE-Arduino/nimble/porting/nimble/src/os_cputime.c.o
Compiling .pio/build/EBYTE_ESP32-S3/lib05b/NimBLE-Arduino/nimble/porting/nimble/src/os_cputime_pwr2.c.o
Compiling .pio/build/EBYTE_ESP32-S3/lib05b/NimBLE-Arduino/nimble/porting/nimble/src/os_mbuf.c.o
Compiling .pio/build/EBYTE_ESP32-S3/lib05b/NimBLE-Arduino/nimble/porting/nimble/src/os_mempool.c.o
Compiling .pio/build/EBYTE_ESP32-S3/lib05b/NimBLE-Arduino/nimble/porting/nimble/src/os_msys_init.c.o
Compiling .pio/build/EBYTE_ESP32-S3/lib05b/NimBLE-Arduino/nimble/porting/npl/freertos/src/nimble_port_freertos.c.o
Compiling .pio/build/EBYTE_ESP32-S3/lib05b/NimBLE-Arduino/nimble/porting/npl/freertos/src/npl_os_freertos.c.o
Compiling .pio/build/EBYTE_ESP32-S3/libfab/libpax/blescan.cpp.o
Compiling .pio/build/EBYTE_ESP32-S3/libfab/libpax/bt_hci_common.c.o
Compiling .pio/build/EBYTE_ESP32-S3/libfab/libpax/libpax.cpp.o
Archiving .pio/build/EBYTE_ESP32-S3/lib05b/libNimBLE-Arduino.a
Compiling .pio/build/EBYTE_ESP32-S3/libfab/libpax/libpax_api.cpp.o
Compiling .pio/build/EBYTE_ESP32-S3/libfab/libpax/wifiscan.cpp.o
Indexing .pio/build/EBYTE_ESP32-S3/lib05b/libNimBLE-Arduino.a
Compiling .pio/build/EBYTE_ESP32-S3/libe5b/XPowersLib/XPowersLibInterface.cpp.o
Compiling .pio/build/EBYTE_ESP32-S3/lib376/Crypto/AES128.cpp.o
Compiling .pio/build/EBYTE_ESP32-S3/lib376/Crypto/AES192.cpp.o
Compiling .pio/build/EBYTE_ESP32-S3/lib376/Crypto/AES256.cpp.o
Compiling .pio/build/EBYTE_ESP32-S3/lib376/Crypto/AESCommon.cpp.o
Compiling .pio/build/EBYTE_ESP32-S3/lib376/Crypto/AESEsp32.cpp.o
Compiling .pio/build/EBYTE_ESP32-S3/lib376/Crypto/AuthenticatedCipher.cpp.o
Compiling .pio/build/EBYTE_ESP32-S3/lib376/Crypto/BLAKE2b.cpp.o
Compiling .pio/build/EBYTE_ESP32-S3/lib376/Crypto/BLAKE2s.cpp.o
Compiling .pio/build/EBYTE_ESP32-S3/lib376/Crypto/BigNumberUtil.cpp.o
Compiling .pio/build/EBYTE_ESP32-S3/lib376/Crypto/BlockCipher.cpp.o
Compiling .pio/build/EBYTE_ESP32-S3/lib376/Crypto/CTR.cpp.o
Compiling .pio/build/EBYTE_ESP32-S3/lib376/Crypto/ChaCha.cpp.o
Compiling .pio/build/EBYTE_ESP32-S3/lib376/Crypto/ChaChaPoly.cpp.o
Compiling .pio/build/EBYTE_ESP32-S3/lib376/Crypto/Cipher.cpp.o
Compiling .pio/build/EBYTE_ESP32-S3/lib376/Crypto/Crypto.cpp.o
Compiling .pio/build/EBYTE_ESP32-S3/lib376/Crypto/Curve25519.cpp.o
Compiling .pio/build/EBYTE_ESP32-S3/lib376/Crypto/EAX.cpp.o
Compiling .pio/build/EBYTE_ESP32-S3/lib376/Crypto/Ed25519.cpp.o
Compiling .pio/build/EBYTE_ESP32-S3/lib376/Crypto/GCM.cpp.o
Compiling .pio/build/EBYTE_ESP32-S3/lib376/Crypto/GF128.cpp.o
Compiling .pio/build/EBYTE_ESP32-S3/lib376/Crypto/GHASH.cpp.o
Compiling .pio/build/EBYTE_ESP32-S3/lib376/Crypto/HKDF.cpp.o
Compiling .pio/build/EBYTE_ESP32-S3/lib376/Crypto/Hash.cpp.o
Compiling .pio/build/EBYTE_ESP32-S3/lib376/Crypto/KeccakCore.cpp.o
Compiling .pio/build/EBYTE_ESP32-S3/lib376/Crypto/NoiseSource.cpp.o
Compiling .pio/build/EBYTE_ESP32-S3/lib376/Crypto/OMAC.cpp.o
Compiling .pio/build/EBYTE_ESP32-S3/lib376/Crypto/P521.cpp.o
Compiling .pio/build/EBYTE_ESP32-S3/lib376/Crypto/Poly1305.cpp.o
Compiling .pio/build/EBYTE_ESP32-S3/lib376/Crypto/RNG.cpp.o
Compiling .pio/build/EBYTE_ESP32-S3/lib376/Crypto/SHA224.cpp.o
Compiling .pio/build/EBYTE_ESP32-S3/lib376/Crypto/SHA256.cpp.o
Compiling .pio/build/EBYTE_ESP32-S3/lib376/Crypto/SHA3.cpp.o
Compiling .pio/build/EBYTE_ESP32-S3/lib376/Crypto/SHA384.cpp.o
Compiling .pio/build/EBYTE_ESP32-S3/lib376/Crypto/SHA512.cpp.o
Compiling .pio/build/EBYTE_ESP32-S3/lib376/Crypto/SHAKE.cpp.o
Compiling .pio/build/EBYTE_ESP32-S3/lib376/Crypto/XOF.cpp.o
Compiling .pio/build/EBYTE_ESP32-S3/lib376/Crypto/XTS.cpp.o
Compiling .pio/build/EBYTE_ESP32-S3/lib41d/ESP32 Codec2/ButterworthFilter.cpp.o
Compiling .pio/build/EBYTE_ESP32-S3/lib41d/ESP32 Codec2/SampleFilter.cpp.o
Compiling .pio/build/EBYTE_ESP32-S3/lib41d/ESP32 Codec2/codebook.c.o
Compiling .pio/build/EBYTE_ESP32-S3/lib41d/ESP32 Codec2/codebookd.c.o
Compiling .pio/build/EBYTE_ESP32-S3/lib41d/ESP32 Codec2/codebookdt.c.o
Compiling .pio/build/EBYTE_ESP32-S3/lib41d/ESP32 Codec2/codebookge.c.o
Archiving .pio/build/EBYTE_ESP32-S3/libfab/libpax.a
Indexing .pio/build/EBYTE_ESP32-S3/libfab/libpax.a
Compiling .pio/build/EBYTE_ESP32-S3/lib41d/ESP32 Codec2/codebookjnd.c.o
Compiling .pio/build/EBYTE_ESP32-S3/lib41d/ESP32 Codec2/codebookjvm.c.o
Compiling .pio/build/EBYTE_ESP32-S3/lib41d/ESP32 Codec2/codebooklspmelvq.c.o
Compiling .pio/build/EBYTE_ESP32-S3/lib41d/ESP32 Codec2/codebookmel.c.o
Compiling .pio/build/EBYTE_ESP32-S3/lib41d/ESP32 Codec2/codebookres.c.o
Compiling .pio/build/EBYTE_ESP32-S3/lib41d/ESP32 Codec2/codebookvq.c.o
Compiling .pio/build/EBYTE_ESP32-S3/lib41d/ESP32 Codec2/codebookvqanssi.c.o
Archiving .pio/build/EBYTE_ESP32-S3/libe5b/libXPowersLib.a
Indexing .pio/build/EBYTE_ESP32-S3/libe5b/libXPowersLib.a
Compiling .pio/build/EBYTE_ESP32-S3/lib41d/ESP32 Codec2/codec2.c.o
Compiling .pio/build/EBYTE_ESP32-S3/lib41d/ESP32 Codec2/dump.c.o
Compiling .pio/build/EBYTE_ESP32-S3/lib41d/ESP32 Codec2/fifo.c.o
Compiling .pio/build/EBYTE_ESP32-S3/lib41d/ESP32 Codec2/interp.c.o
Compiling .pio/build/EBYTE_ESP32-S3/lib41d/ESP32 Codec2/kiss_fft.c.o
Compiling .pio/build/EBYTE_ESP32-S3/lib41d/ESP32 Codec2/lpc.c.o
Compiling .pio/build/EBYTE_ESP32-S3/lib41d/ESP32 Codec2/lsp.c.o
Compiling .pio/build/EBYTE_ESP32-S3/lib41d/ESP32 Codec2/nlp.c.o
Compiling .pio/build/EBYTE_ESP32-S3/lib41d/ESP32 Codec2/pack.c.o
Compiling .pio/build/EBYTE_ESP32-S3/lib41d/ESP32 Codec2/phase.c.o
Compiling .pio/build/EBYTE_ESP32-S3/lib41d/ESP32 Codec2/phaseexp.c.o
Compiling .pio/build/EBYTE_ESP32-S3/lib41d/ESP32 Codec2/postfilter.c.o
Compiling .pio/build/EBYTE_ESP32-S3/lib41d/ESP32 Codec2/quantise.c.o
Compiling .pio/build/EBYTE_ESP32-S3/lib41d/ESP32 Codec2/sine.c.o
Compiling .pio/build/EBYTE_ESP32-S3/libea6/FS/FS.cpp.o
Compiling .pio/build/EBYTE_ESP32-S3/libea6/FS/vfs_api.cpp.o
Compiling .pio/build/EBYTE_ESP32-S3/libeb8/SD/SD.cpp.o
Archiving .pio/build/EBYTE_ESP32-S3/lib41d/libESP32 Codec2.a
Indexing .pio/build/EBYTE_ESP32-S3/lib41d/libESP32 Codec2.a
Compiling .pio/build/EBYTE_ESP32-S3/libeb8/SD/sd_diskio.cpp.o
Compiling .pio/build/EBYTE_ESP32-S3/libeb8/SD/sd_diskio_crc.c.o
Compiling .pio/build/EBYTE_ESP32-S3/lib927/WiFi/WiFi.cpp.o
Archiving .pio/build/EBYTE_ESP32-S3/lib376/libCrypto.a
Compiling .pio/build/EBYTE_ESP32-S3/lib927/WiFi/WiFiAP.cpp.o
Indexing .pio/build/EBYTE_ESP32-S3/lib376/libCrypto.a
Compiling .pio/build/EBYTE_ESP32-S3/lib927/WiFi/WiFiClient.cpp.o
Compiling .pio/build/EBYTE_ESP32-S3/lib927/WiFi/WiFiGeneric.cpp.o
Compiling .pio/build/EBYTE_ESP32-S3/lib927/WiFi/WiFiMulti.cpp.o
Compiling .pio/build/EBYTE_ESP32-S3/lib927/WiFi/WiFiSTA.cpp.o
Compiling .pio/build/EBYTE_ESP32-S3/lib927/WiFi/WiFiScan.cpp.o
Compiling .pio/build/EBYTE_ESP32-S3/lib927/WiFi/WiFiServer.cpp.o
Compiling .pio/build/EBYTE_ESP32-S3/lib927/WiFi/WiFiUdp.cpp.o
Compiling .pio/build/EBYTE_ESP32-S3/lib50f/Preferences/Preferences.cpp.o
Compiling .pio/build/EBYTE_ESP32-S3/lib434/WebServer/Parsing.cpp.o
Compiling .pio/build/EBYTE_ESP32-S3/lib434/WebServer/WebServer.cpp.o
Compiling .pio/build/EBYTE_ESP32-S3/lib434/WebServer/detail/mimetable.cpp.o
Compiling .pio/build/EBYTE_ESP32-S3/libf55/ESPmDNS/ESPmDNS.cpp.o
Archiving .pio/build/EBYTE_ESP32-S3/libea6/libFS.a
Indexing .pio/build/EBYTE_ESP32-S3/libea6/libFS.a
Compiling .pio/build/EBYTE_ESP32-S3/lib3df/LittleFS/LittleFS.cpp.o
Archiving .pio/build/EBYTE_ESP32-S3/libeb8/libSD.a
Indexing .pio/build/EBYTE_ESP32-S3/libeb8/libSD.a
Compiling .pio/build/EBYTE_ESP32-S3/libdfa/WiFiClientSecure/WiFiClientSecure.cpp.o
Archiving .pio/build/EBYTE_ESP32-S3/lib50f/libPreferences.a
Indexing .pio/build/EBYTE_ESP32-S3/lib50f/libPreferences.a
Compiling .pio/build/EBYTE_ESP32-S3/libdfa/WiFiClientSecure/esp_crt_bundle.c.o
Compiling .pio/build/EBYTE_ESP32-S3/libdfa/WiFiClientSecure/ssl_client.cpp.o
Compiling .pio/build/EBYTE_ESP32-S3/libcd2/AsyncUDP/AsyncUDP.cpp.o
Compiling .pio/build/EBYTE_ESP32-S3/FrameworkArduino/Esp.cpp.o
Archiving .pio/build/EBYTE_ESP32-S3/lib927/libWiFi.a
Compiling .pio/build/EBYTE_ESP32-S3/FrameworkArduino/FirmwareMSC.cpp.o
Indexing .pio/build/EBYTE_ESP32-S3/lib927/libWiFi.a
Compiling .pio/build/EBYTE_ESP32-S3/FrameworkArduino/FunctionalInterrupt.cpp.o
Compiling .pio/build/EBYTE_ESP32-S3/FrameworkArduino/HWCDC.cpp.o
Compiling .pio/build/EBYTE_ESP32-S3/FrameworkArduino/HardwareSerial.cpp.o
Compiling .pio/build/EBYTE_ESP32-S3/FrameworkArduino/IPAddress.cpp.o
Archiving .pio/build/EBYTE_ESP32-S3/lib434/libWebServer.a
Compiling .pio/build/EBYTE_ESP32-S3/FrameworkArduino/IPv6Address.cpp.o
Indexing .pio/build/EBYTE_ESP32-S3/lib434/libWebServer.a
Compiling .pio/build/EBYTE_ESP32-S3/FrameworkArduino/MD5Builder.cpp.o
Compiling .pio/build/EBYTE_ESP32-S3/FrameworkArduino/Print.cpp.o
Compiling .pio/build/EBYTE_ESP32-S3/FrameworkArduino/Stream.cpp.o
Compiling .pio/build/EBYTE_ESP32-S3/FrameworkArduino/StreamString.cpp.o
Archiving .pio/build/EBYTE_ESP32-S3/lib3df/libLittleFS.a
Indexing .pio/build/EBYTE_ESP32-S3/lib3df/libLittleFS.a
Compiling .pio/build/EBYTE_ESP32-S3/FrameworkArduino/Tone.cpp.o
Archiving .pio/build/EBYTE_ESP32-S3/libf55/libESPmDNS.a
Indexing .pio/build/EBYTE_ESP32-S3/libf55/libESPmDNS.a
Compiling .pio/build/EBYTE_ESP32-S3/FrameworkArduino/USB.cpp.o
Compiling .pio/build/EBYTE_ESP32-S3/FrameworkArduino/USBCDC.cpp.o
Compiling .pio/build/EBYTE_ESP32-S3/FrameworkArduino/USBMSC.cpp.o
Compiling .pio/build/EBYTE_ESP32-S3/FrameworkArduino/WMath.cpp.o
Compiling .pio/build/EBYTE_ESP32-S3/FrameworkArduino/WString.cpp.o
Compiling .pio/build/EBYTE_ESP32-S3/FrameworkArduino/base64.cpp.o
Compiling .pio/build/EBYTE_ESP32-S3/FrameworkArduino/cbuf.cpp.o
Archiving .pio/build/EBYTE_ESP32-S3/libdfa/libWiFiClientSecure.a
Indexing .pio/build/EBYTE_ESP32-S3/libdfa/libWiFiClientSecure.a
Archiving .pio/build/EBYTE_ESP32-S3/libcd2/libAsyncUDP.a
Indexing .pio/build/EBYTE_ESP32-S3/libcd2/libAsyncUDP.a
Compiling .pio/build/EBYTE_ESP32-S3/FrameworkArduino/esp32-hal-adc.c.o
Compiling .pio/build/EBYTE_ESP32-S3/FrameworkArduino/esp32-hal-bt.c.o
Compiling .pio/build/EBYTE_ESP32-S3/FrameworkArduino/esp32-hal-cpu.c.o
Compiling .pio/build/EBYTE_ESP32-S3/FrameworkArduino/esp32-hal-dac.c.o
Compiling .pio/build/EBYTE_ESP32-S3/FrameworkArduino/esp32-hal-gpio.c.o
Compiling .pio/build/EBYTE_ESP32-S3/FrameworkArduino/esp32-hal-i2c-slave.c.o
Compiling .pio/build/EBYTE_ESP32-S3/FrameworkArduino/esp32-hal-i2c.c.o
Compiling .pio/build/EBYTE_ESP32-S3/FrameworkArduino/esp32-hal-ledc.c.o
Compiling .pio/build/EBYTE_ESP32-S3/FrameworkArduino/esp32-hal-matrix.c.o
Compiling .pio/build/EBYTE_ESP32-S3/FrameworkArduino/esp32-hal-misc.c.o
Compiling .pio/build/EBYTE_ESP32-S3/FrameworkArduino/esp32-hal-psram.c.o
Compiling .pio/build/EBYTE_ESP32-S3/FrameworkArduino/esp32-hal-rgb-led.c.o
Compiling .pio/build/EBYTE_ESP32-S3/FrameworkArduino/esp32-hal-rmt.c.o
Compiling .pio/build/EBYTE_ESP32-S3/FrameworkArduino/esp32-hal-sigmadelta.c.o
Compiling .pio/build/EBYTE_ESP32-S3/FrameworkArduino/esp32-hal-spi.c.o
Compiling .pio/build/EBYTE_ESP32-S3/FrameworkArduino/esp32-hal-time.c.o
Compiling .pio/build/EBYTE_ESP32-S3/FrameworkArduino/esp32-hal-timer.c.o
Compiling .pio/build/EBYTE_ESP32-S3/FrameworkArduino/esp32-hal-tinyusb.c.o
Compiling .pio/build/EBYTE_ESP32-S3/FrameworkArduino/esp32-hal-touch.c.o
Compiling .pio/build/EBYTE_ESP32-S3/FrameworkArduino/esp32-hal-uart.c.o
Compiling .pio/build/EBYTE_ESP32-S3/FrameworkArduino/firmware_msc_fat.c.o
Compiling .pio/build/EBYTE_ESP32-S3/FrameworkArduino/libb64/cdecode.c.o
Compiling .pio/build/EBYTE_ESP32-S3/FrameworkArduino/libb64/cencode.c.o
Compiling .pio/build/EBYTE_ESP32-S3/FrameworkArduino/main.cpp.o
Compiling .pio/build/EBYTE_ESP32-S3/FrameworkArduino/stdlib_noniso.c.o
Compiling .pio/build/EBYTE_ESP32-S3/FrameworkArduino/wiring_pulse.c.o
Compiling .pio/build/EBYTE_ESP32-S3/FrameworkArduino/wiring_shift.c.o
Building FS image from 'data' directory to .pio/build/EBYTE_ESP32-S3/littlefs-EBYTE_ESP32-S3-2.7.22.16dcafa.bin
/static/.gitkeep
Archiving .pio/build/EBYTE_ESP32-S3/libFrameworkArduino.a
Indexing .pio/build/EBYTE_ESP32-S3/libFrameworkArduino.a
Linking .pio/build/EBYTE_ESP32-S3/firmware-EBYTE_ESP32-S3-2.7.22.16dcafa.elf
.pio/libdeps/EBYTE_ESP32-S3/Crypto/AESEsp32.cpp:33:5: warning: type of 'esp_aes_setkey' does not match original declaration [-Wlto-type-mismatch]
 int esp_aes_setkey(unsigned char *ctx, const unsigned char *key,
     ^
/home/vscode/.platformio/packages/framework-arduinoespressif32/tools/sdk/esp32s3/include/mbedtls/mbedtls/include/mbedtls/aes.h:184:5: note: 'esp_aes_setkey' was previously declared here
 int mbedtls_aes_setkey_dec(mbedtls_aes_context *ctx, const unsigned char *key,
     ^
/home/vscode/.platformio/packages/framework-arduinoespressif32/tools/sdk/esp32s3/include/mbedtls/mbedtls/include/mbedtls/aes.h:184:5: note: code may be misoptimized unless -fno-strict-aliasing is used
Retrieving maximum program size .pio/build/EBYTE_ESP32-S3/firmware-EBYTE_ESP32-S3-2.7.22.16dcafa.elf
Checking size .pio/build/EBYTE_ESP32-S3/firmware-EBYTE_ESP32-S3-2.7.22.16dcafa.elf
Advanced Memory Usage is available via "PlatformIO Home > Project Inspect"
RAM:   [==        ]  23.4% (used 122428 bytes from 524288 bytes)
Flash: [========  ]  78.4% (used 1900069 bytes from 2424832 bytes)
Building .pio/build/EBYTE_ESP32-S3/firmware-EBYTE_ESP32-S3-2.7.22.16dcafa.bin
esptool.py v4.11.0
Creating esp32s3 image...
Merged 3 ELF sections
Successfully created esp32s3 image.
esp32_create_combined_bin([".pio/build/EBYTE_ESP32-S3/firmware-EBYTE_ESP32-S3-2.7.22.16dcafa.bin"], [".pio/build/EBYTE_ESP32-S3/firmware-EBYTE_ESP32-S3-2.7.22.16dcafa.elf"])
Generating combined binary for serial flashing
    Offset | File
 -  0x0000 | /workspaces/meshtastic/.pio/build/EBYTE_ESP32-S3/bootloader.bin
 -  0x8000 | /workspaces/meshtastic/.pio/build/EBYTE_ESP32-S3/partitions.bin
 -  0xe000 | /home/vscode/.platformio/packages/framework-arduinoespressif32/tools/partitions/boot_app0.bin
 - 0x10000 | /workspaces/meshtastic/.pio/build/EBYTE_ESP32-S3/firmware-EBYTE_ESP32-S3-2.7.22.16dcafa.bin
Using esptool.py arguments: --chip esp32s3 merge_bin -o /workspaces/meshtastic/.pio/build/EBYTE_ESP32-S3/firmware-EBYTE_ESP32-S3-2.7.22.16dcafa.factory.bin --flash_mode dio --flash_freq 80m --flash_size 4MB 0x0000 /workspaces/meshtastic/.pio/build/EBYTE_ESP32-S3/bootloader.bin 0x8000 /workspaces/meshtastic/.pio/build/EBYTE_ESP32-S3/partitions.bin 0xe000 /home/vscode/.platformio/packages/framework-arduinoespressif32/tools/partitions/boot_app0.bin 0x10000 /workspaces/meshtastic/.pio/build/EBYTE_ESP32-S3/firmware-EBYTE_ESP32-S3-2.7.22.16dcafa.bin
esptool.py v4.11.0
SHA digest in image updated
Wrote 0x1dffd0 bytes to file /workspaces/meshtastic/.pio/build/EBYTE_ESP32-S3/firmware-EBYTE_ESP32-S3-2.7.22.16dcafa.factory.bin, ready to flash to offset 0x0
mtjson_esp32_part(["mtjson"], ["buildprog", ".pio/build/EBYTE_ESP32-S3/littlefs-EBYTE_ESP32-S3-2.7.22.16dcafa.bin"])
manifest_gather(["mtjson"], ["buildprog", ".pio/build/EBYTE_ESP32-S3/littlefs-EBYTE_ESP32-S3-2.7.22.16dcafa.bin"])
{'name': 'firmware-EBYTE_ESP32-S3-2.7.22.16dcafa.elf', 'md5': 'e751bccfef15ae3a5892732dc42c2403', 'bytes': 21444108}
{'name': 'firmware-EBYTE_ESP32-S3-2.7.22.16dcafa.bin', 'md5': '63b958b6f85d7a94e7ea9829ddfd98f6', 'bytes': 1900496, 'part_name': 'app0'}
{'name': 'firmware-EBYTE_ESP32-S3-2.7.22.16dcafa.factory.bin', 'md5': '8379529c153c64adf674a96694932395', 'bytes': 1966032}
{'name': 'littlefs-EBYTE_ESP32-S3-2.7.22.16dcafa.bin', 'md5': '80dd01eeffe9cd670ce9fea0160bb86a', 'bytes': 1048576, 'part_name': 'spiffs'}
======================== [SUCCESS] Took 145.84 seconds ========================

Environment     Status    Duration
--------------  --------  ------------
EBYTE_ESP32-S3  SUCCESS   00:02:25.837
========================= 1 succeeded in 00:02:25.837 =========================

********************************************************************************
We found 347.50MB of unnecessary PlatformIO system data (temporary files, unnecessary packages, etc.).
Use `pio system prune --dry-run` to list them or `pio system prune` to save disk space.
